NCCL_HOME is set to /projects/hpcapps/orybchuk/superbench/compile_on_kestrel/nccl
========== RUNNING NCCL TESTS ==========
# nThread 1 nGpus 1 minBytes 8 maxBytes 4294967296 step: 2(factor) warmup iters: 5 iters: 20 agg iters: 1 validation: 1 graph: 0
#
# Using devices
#  Rank  0 Group  0 Pid 1229655 on x3103c0s37b0n0 device  0 [0000:04:00] NVIDIA H100 80GB HBM3
#  Rank  1 Group  0 Pid 1229656 on x3103c0s37b0n0 device  1 [0000:64:00] NVIDIA H100 80GB HBM3
#  Rank  2 Group  0 Pid 1229657 on x3103c0s37b0n0 device  2 [0000:84:00] NVIDIA H100 80GB HBM3
#  Rank  3 Group  0 Pid 1229658 on x3103c0s37b0n0 device  3 [0000:e4:00] NVIDIA H100 80GB HBM3
#  Rank  4 Group  0 Pid 1993982 on x3103c0s41b0n0 device  0 [0000:04:00] NVIDIA H100 80GB HBM3
#  Rank  5 Group  0 Pid 1993983 on x3103c0s41b0n0 device  1 [0000:64:00] NVIDIA H100 80GB HBM3
#  Rank  6 Group  0 Pid 1993984 on x3103c0s41b0n0 device  2 [0000:84:00] NVIDIA H100 80GB HBM3
#  Rank  7 Group  0 Pid 1993985 on x3103c0s41b0n0 device  3 [0000:e4:00] NVIDIA H100 80GB HBM3
x3103c0s37b0n0:1229655:1229655 [0] NCCL INFO NCCL_SOCKET_IFNAME set by environment to hsn
x3103c0s37b0n0:1229655:1229655 [0] NCCL INFO Bootstrap : Using hsn0:10.150.2.6<0>
x3103c0s37b0n0:1229655:1229655 [0] NCCL INFO NET/Plugin: Failed to find ncclNetPlugin_v8 symbol.
x3103c0s37b0n0:1229655:1229655 [0] NCCL INFO NET/Plugin: Loaded net plugin AWS Libfabric (v6)
x3103c0s37b0n0:1229655:1229655 [0] NCCL INFO NET/Plugin: Failed to find ncclCollNetPlugin_v8 symbol.
x3103c0s37b0n0:1229655:1229655 [0] NCCL INFO NET/Plugin: Failed to find ncclCollNetPlugin symbol (>= v5). ncclCollNetPlugin symbols v4 and lower are not supported.
x3103c0s37b0n0:1229658:1229658 [3] NCCL INFO cudaDriverVersion 12040
x3103c0s37b0n0:1229655:1229655 [0] NCCL INFO cudaDriverVersion 12040
x3103c0s37b0n0:1229657:1229657 [2] NCCL INFO cudaDriverVersion 12040
x3103c0s37b0n0:1229656:1229656 [1] NCCL INFO cudaDriverVersion 12040
x3103c0s41b0n0:1993983:1993983 [1] NCCL INFO cudaDriverVersion 12040
x3103c0s41b0n0:1993982:1993982 [0] NCCL INFO cudaDriverVersion 12040
x3103c0s41b0n0:1993984:1993984 [2] NCCL INFO cudaDriverVersion 12040
x3103c0s41b0n0:1993985:1993985 [3] NCCL INFO cudaDriverVersion 12040
NCCL version 2.21.5+cuda12.3
x3103c0s41b0n0:1993984:1993984 [2] NCCL INFO NCCL_SOCKET_IFNAME set by environment to hsn
x3103c0s37b0n0:1229656:1229656 [1] NCCL INFO NCCL_SOCKET_IFNAME set by environment to hsn
x3103c0s37b0n0:1229657:1229657 [2] NCCL INFO NCCL_SOCKET_IFNAME set by environment to hsn
x3103c0s37b0n0:1229658:1229658 [3] NCCL INFO NCCL_SOCKET_IFNAME set by environment to hsn
x3103c0s41b0n0:1993982:1993982 [0] NCCL INFO NCCL_SOCKET_IFNAME set by environment to hsn
x3103c0s41b0n0:1993983:1993983 [1] NCCL INFO NCCL_SOCKET_IFNAME set by environment to hsn
x3103c0s41b0n0:1993985:1993985 [3] NCCL INFO NCCL_SOCKET_IFNAME set by environment to hsn
x3103c0s37b0n0:1229656:1229656 [1] NCCL INFO Bootstrap : Using hsn0:10.150.2.6<0>
x3103c0s37b0n0:1229657:1229657 [2] NCCL INFO Bootstrap : Using hsn0:10.150.2.6<0>
x3103c0s37b0n0:1229658:1229658 [3] NCCL INFO Bootstrap : Using hsn0:10.150.2.6<0>
x3103c0s41b0n0:1993982:1993982 [0] NCCL INFO Bootstrap : Using hsn0:10.150.2.18<0>
x3103c0s41b0n0:1993983:1993983 [1] NCCL INFO Bootstrap : Using hsn0:10.150.2.18<0>
x3103c0s41b0n0:1993985:1993985 [3] NCCL INFO Bootstrap : Using hsn0:10.150.2.18<0>
x3103c0s41b0n0:1993984:1993984 [2] NCCL INFO Bootstrap : Using hsn0:10.150.2.18<0>
x3103c0s37b0n0:1229657:1229657 [2] NCCL INFO NET/Plugin: Failed to find ncclNetPlugin_v8 symbol.
x3103c0s37b0n0:1229657:1229657 [2] NCCL INFO NET/Plugin: Loaded net plugin AWS Libfabric (v6)
x3103c0s37b0n0:1229657:1229657 [2] NCCL INFO NET/Plugin: Failed to find ncclCollNetPlugin_v8 symbol.
x3103c0s37b0n0:1229657:1229657 [2] NCCL INFO NET/Plugin: Failed to find ncclCollNetPlugin symbol (>= v5). ncclCollNetPlugin symbols v4 and lower are not supported.
x3103c0s37b0n0:1229658:1229658 [3] NCCL INFO NET/Plugin: Failed to find ncclNetPlugin_v8 symbol.
x3103c0s37b0n0:1229658:1229658 [3] NCCL INFO NET/Plugin: Loaded net plugin AWS Libfabric (v6)
x3103c0s37b0n0:1229658:1229658 [3] NCCL INFO NET/Plugin: Failed to find ncclCollNetPlugin_v8 symbol.
x3103c0s37b0n0:1229658:1229658 [3] NCCL INFO NET/Plugin: Failed to find ncclCollNetPlugin symbol (>= v5). ncclCollNetPlugin symbols v4 and lower are not supported.
x3103c0s41b0n0:1993985:1993985 [3] NCCL INFO NET/Plugin: Failed to find ncclNetPlugin_v8 symbol.
x3103c0s41b0n0:1993985:1993985 [3] NCCL INFO NET/Plugin: Loaded net plugin AWS Libfabric (v6)
x3103c0s41b0n0:1993985:1993985 [3] NCCL INFO NET/Plugin: Failed to find ncclCollNetPlugin_v8 symbol.
x3103c0s41b0n0:1993985:1993985 [3] NCCL INFO NET/Plugin: Failed to find ncclCollNetPlugin symbol (>= v5). ncclCollNetPlugin symbols v4 and lower are not supported.
x3103c0s41b0n0:1993983:1993983 [1] NCCL INFO NET/Plugin: Failed to find ncclNetPlugin_v8 symbol.
x3103c0s41b0n0:1993983:1993983 [1] NCCL INFO NET/Plugin: Loaded net plugin AWS Libfabric (v6)
x3103c0s41b0n0:1993983:1993983 [1] NCCL INFO NET/Plugin: Failed to find ncclCollNetPlugin_v8 symbol.
x3103c0s41b0n0:1993983:1993983 [1] NCCL INFO NET/Plugin: Failed to find ncclCollNetPlugin symbol (>= v5). ncclCollNetPlugin symbols v4 and lower are not supported.
x3103c0s37b0n0:1229656:1229656 [1] NCCL INFO NET/Plugin: Failed to find ncclNetPlugin_v8 symbol.
x3103c0s37b0n0:1229656:1229656 [1] NCCL INFO NET/Plugin: Loaded net plugin AWS Libfabric (v6)
x3103c0s37b0n0:1229656:1229656 [1] NCCL INFO NET/Plugin: Failed to find ncclCollNetPlugin_v8 symbol.
x3103c0s37b0n0:1229656:1229656 [1] NCCL INFO NET/Plugin: Failed to find ncclCollNetPlugin symbol (>= v5). ncclCollNetPlugin symbols v4 and lower are not supported.
x3103c0s41b0n0:1993982:1993982 [0] NCCL INFO NET/Plugin: Failed to find ncclNetPlugin_v8 symbol.
x3103c0s41b0n0:1993982:1993982 [0] NCCL INFO NET/Plugin: Loaded net plugin AWS Libfabric (v6)
x3103c0s41b0n0:1993982:1993982 [0] NCCL INFO NET/Plugin: Failed to find ncclCollNetPlugin_v8 symbol.
x3103c0s41b0n0:1993982:1993982 [0] NCCL INFO NET/Plugin: Failed to find ncclCollNetPlugin symbol (>= v5). ncclCollNetPlugin symbols v4 and lower are not supported.
x3103c0s41b0n0:1993984:1993984 [2] NCCL INFO NET/Plugin: Failed to find ncclNetPlugin_v8 symbol.
x3103c0s41b0n0:1993984:1993984 [2] NCCL INFO NET/Plugin: Loaded net plugin AWS Libfabric (v6)
x3103c0s41b0n0:1993984:1993984 [2] NCCL INFO NET/Plugin: Failed to find ncclCollNetPlugin_v8 symbol.
x3103c0s41b0n0:1993984:1993984 [2] NCCL INFO NET/Plugin: Failed to find ncclCollNetPlugin symbol (>= v5). ncclCollNetPlugin symbols v4 and lower are not supported.
x3103c0s41b0n0:1993983:1995159 [1] NCCL INFO NET/OFI Using aws-ofi-nccl 1.6.0
x3103c0s41b0n0:1993983:1995159 [1] NCCL INFO NET/OFI Selected Provider is cxi (found 4 nics)
x3103c0s41b0n0:1993983:1995159 [1] NCCL INFO Using non-device net plugin version 0
x3103c0s41b0n0:1993983:1995159 [1] NCCL INFO Using network AWS Libfabric
x3103c0s41b0n0:1993982:1995160 [0] NCCL INFO NET/OFI Using aws-ofi-nccl 1.6.0
x3103c0s41b0n0:1993984:1995161 [2] NCCL INFO NET/OFI Using aws-ofi-nccl 1.6.0
x3103c0s41b0n0:1993982:1995160 [0] NCCL INFO NET/OFI Selected Provider is cxi (found 4 nics)
x3103c0s41b0n0:1993982:1995160 [0] NCCL INFO Using non-device net plugin version 0
x3103c0s41b0n0:1993982:1995160 [0] NCCL INFO Using network AWS Libfabric
x3103c0s41b0n0:1993984:1995161 [2] NCCL INFO NET/OFI Selected Provider is cxi (found 4 nics)
x3103c0s41b0n0:1993984:1995161 [2] NCCL INFO Using non-device net plugin version 0
x3103c0s41b0n0:1993984:1995161 [2] NCCL INFO Using network AWS Libfabric
x3103c0s41b0n0:1993985:1995158 [3] NCCL INFO NET/OFI Using aws-ofi-nccl 1.6.0
x3103c0s41b0n0:1993985:1995158 [3] NCCL INFO NET/OFI Selected Provider is cxi (found 4 nics)
x3103c0s41b0n0:1993985:1995158 [3] NCCL INFO Using non-device net plugin version 0
x3103c0s41b0n0:1993985:1995158 [3] NCCL INFO Using network AWS Libfabric
x3103c0s37b0n0:1229655:1230859 [0] NCCL INFO NET/OFI Using aws-ofi-nccl 1.6.0
x3103c0s37b0n0:1229655:1230859 [0] NCCL INFO NET/OFI Selected Provider is cxi (found 4 nics)
x3103c0s37b0n0:1229655:1230859 [0] NCCL INFO Using non-device net plugin version 0
x3103c0s37b0n0:1229655:1230859 [0] NCCL INFO Using network AWS Libfabric
x3103c0s37b0n0:1229656:1230862 [1] NCCL INFO NET/OFI Using aws-ofi-nccl 1.6.0
x3103c0s37b0n0:1229656:1230862 [1] NCCL INFO NET/OFI Selected Provider is cxi (found 4 nics)
x3103c0s37b0n0:1229656:1230862 [1] NCCL INFO Using non-device net plugin version 0
x3103c0s37b0n0:1229656:1230862 [1] NCCL INFO Using network AWS Libfabric
x3103c0s37b0n0:1229658:1230861 [3] NCCL INFO NET/OFI Using aws-ofi-nccl 1.6.0
x3103c0s37b0n0:1229658:1230861 [3] NCCL INFO NET/OFI Selected Provider is cxi (found 4 nics)
x3103c0s37b0n0:1229658:1230861 [3] NCCL INFO Using non-device net plugin version 0
x3103c0s37b0n0:1229658:1230861 [3] NCCL INFO Using network AWS Libfabric
x3103c0s37b0n0:1229657:1230860 [2] NCCL INFO NET/OFI Using aws-ofi-nccl 1.6.0
x3103c0s37b0n0:1229657:1230860 [2] NCCL INFO NET/OFI Selected Provider is cxi (found 4 nics)
x3103c0s37b0n0:1229657:1230860 [2] NCCL INFO Using non-device net plugin version 0
x3103c0s37b0n0:1229657:1230860 [2] NCCL INFO Using network AWS Libfabric
x3103c0s37b0n0:1229656:1230862 [1] NCCL INFO ncclCommInitRank comm 0x20498e0 rank 1 nranks 8 cudaDev 1 nvmlDev 1 busId 64000 commId 0x7c70b33cd5bd1719 - Init START
x3103c0s37b0n0:1229657:1230860 [2] NCCL INFO ncclCommInitRank comm 0x2dc4ab0 rank 2 nranks 8 cudaDev 2 nvmlDev 2 busId 84000 commId 0x7c70b33cd5bd1719 - Init START
x3103c0s37b0n0:1229658:1230861 [3] NCCL INFO ncclCommInitRank comm 0x186d9b0 rank 3 nranks 8 cudaDev 3 nvmlDev 3 busId e4000 commId 0x7c70b33cd5bd1719 - Init START
x3103c0s41b0n0:1993983:1995159 [1] NCCL INFO ncclCommInitRank comm 0x24a3ab0 rank 5 nranks 8 cudaDev 1 nvmlDev 1 busId 64000 commId 0x7c70b33cd5bd1719 - Init START
x3103c0s37b0n0:1229655:1230859 [0] NCCL INFO ncclCommInitRank comm 0x23e0610 rank 0 nranks 8 cudaDev 0 nvmlDev 0 busId 4000 commId 0x7c70b33cd5bd1719 - Init START
x3103c0s41b0n0:1993984:1995161 [2] NCCL INFO ncclCommInitRank comm 0x1a45710 rank 6 nranks 8 cudaDev 2 nvmlDev 2 busId 84000 commId 0x7c70b33cd5bd1719 - Init START
x3103c0s41b0n0:1993985:1995158 [3] NCCL INFO ncclCommInitRank comm 0x18a8bf0 rank 7 nranks 8 cudaDev 3 nvmlDev 3 busId e4000 commId 0x7c70b33cd5bd1719 - Init START
x3103c0s41b0n0:1993982:1995160 [0] NCCL INFO ncclCommInitRank comm 0x2e54170 rank 4 nranks 8 cudaDev 0 nvmlDev 0 busId 4000 commId 0x7c70b33cd5bd1719 - Init START
x3103c0s37b0n0:1229657:1230860 [2] NCCL INFO Setting affinity for GPU 2 to ffffffff,00000000,00000000,00000000
x3103c0s37b0n0:1229657:1230860 [2] NCCL INFO NVLS multicast support is not available on dev 2
x3103c0s37b0n0:1229657:1230860 [2] NCCL INFO NCCL_CROSS_NIC set by environment to 1.
x3103c0s37b0n0:1229658:1230861 [3] NCCL INFO Setting affinity for GPU 3 to ffffffff,00000000,00000000
x3103c0s37b0n0:1229658:1230861 [3] NCCL INFO NVLS multicast support is not available on dev 3
x3103c0s37b0n0:1229658:1230861 [3] NCCL INFO NCCL_CROSS_NIC set by environment to 1.
x3103c0s37b0n0:1229655:1230859 [0] NCCL INFO Setting affinity for GPU 0 to ffffffff,00000000
x3103c0s37b0n0:1229655:1230859 [0] NCCL INFO NVLS multicast support is not available on dev 0
x3103c0s37b0n0:1229655:1230859 [0] NCCL INFO NCCL_CROSS_NIC set by environment to 1.
x3103c0s37b0n0:1229656:1230862 [1] NCCL INFO Setting affinity for GPU 1 to ffffffff
x3103c0s37b0n0:1229656:1230862 [1] NCCL INFO NVLS multicast support is not available on dev 1
x3103c0s37b0n0:1229656:1230862 [1] NCCL INFO NCCL_CROSS_NIC set by environment to 1.
x3103c0s41b0n0:1993982:1995160 [0] NCCL INFO Setting affinity for GPU 0 to ffffffff,00000000
x3103c0s41b0n0:1993982:1995160 [0] NCCL INFO NVLS multicast support is not available on dev 0
x3103c0s41b0n0:1993982:1995160 [0] NCCL INFO NCCL_CROSS_NIC set by environment to 1.
x3103c0s41b0n0:1993985:1995158 [3] NCCL INFO Setting affinity for GPU 3 to ffffffff,00000000,00000000
x3103c0s41b0n0:1993985:1995158 [3] NCCL INFO NVLS multicast support is not available on dev 3
x3103c0s41b0n0:1993985:1995158 [3] NCCL INFO NCCL_CROSS_NIC set by environment to 1.
x3103c0s41b0n0:1993983:1995159 [1] NCCL INFO Setting affinity for GPU 1 to ffffffff
x3103c0s41b0n0:1993983:1995159 [1] NCCL INFO NVLS multicast support is not available on dev 1
x3103c0s41b0n0:1993983:1995159 [1] NCCL INFO NCCL_CROSS_NIC set by environment to 1.
x3103c0s41b0n0:1993984:1995161 [2] NCCL INFO Setting affinity for GPU 2 to ffffffff,00000000,00000000,00000000
x3103c0s41b0n0:1993984:1995161 [2] NCCL INFO NVLS multicast support is not available on dev 2
x3103c0s41b0n0:1993984:1995161 [2] NCCL INFO NCCL_CROSS_NIC set by environment to 1.
x3103c0s41b0n0:1993984:1995161 [2] NCCL INFO comm 0x1a45710 rank 6 nRanks 8 nNodes 2 localRanks 4 localRank 2 MNNVL 0
x3103c0s41b0n0:1993984:1995161 [2] NCCL INFO Trees [0] 7/-1/-1->6->5 [1] 7/-1/-1->6->2 [2] 7/-1/-1->6->5 [3] 7/2/-1->6->-1
x3103c0s41b0n0:1993984:1995161 [2] NCCL INFO P2P Chunksize set to 131072
x3103c0s41b0n0:1993985:1995158 [3] NCCL INFO comm 0x18a8bf0 rank 7 nRanks 8 nNodes 2 localRanks 4 localRank 3 MNNVL 0
x3103c0s37b0n0:1229658:1230861 [3] NCCL INFO comm 0x186d9b0 rank 3 nRanks 8 nNodes 2 localRanks 4 localRank 3 MNNVL 0
x3103c0s37b0n0:1229658:1230861 [3] NCCL INFO Trees [0] -1/-1/-1->3->2 [1] 0/-1/-1->3->2 [2] -1/-1/-1->3->2 [3] 0/-1/-1->3->2
x3103c0s37b0n0:1229658:1230861 [3] NCCL INFO P2P Chunksize set to 131072
x3103c0s41b0n0:1993982:1995160 [0] NCCL INFO comm 0x2e54170 rank 4 nRanks 8 nNodes 2 localRanks 4 localRank 0 MNNVL 0
x3103c0s41b0n0:1993982:1995160 [0] NCCL INFO Trees [0] 5/-1/-1->4->0 [1] 5/-1/-1->4->7 [2] 5/0/-1->4->-1 [3] 5/-1/-1->4->7
x3103c0s41b0n0:1993983:1995159 [1] NCCL INFO comm 0x24a3ab0 rank 5 nRanks 8 nNodes 2 localRanks 4 localRank 1 MNNVL 0
x3103c0s41b0n0:1993983:1995159 [1] NCCL INFO Trees [0] 6/-1/-1->5->4 [1] -1/-1/-1->5->4 [2] 6/-1/-1->5->4 [3] -1/-1/-1->5->4
x3103c0s41b0n0:1993983:1995159 [1] NCCL INFO P2P Chunksize set to 131072
x3103c0s41b0n0:1993985:1995158 [3] NCCL INFO Trees [0] -1/-1/-1->7->6 [1] 4/-1/-1->7->6 [2] -1/-1/-1->7->6 [3] 4/-1/-1->7->6
x3103c0s41b0n0:1993985:1995158 [3] NCCL INFO P2P Chunksize set to 131072
x3103c0s37b0n0:1229655:1230859 [0] NCCL INFO comm 0x23e0610 rank 0 nRanks 8 nNodes 2 localRanks 4 localRank 0 MNNVL 0
x3103c0s37b0n0:1229655:1230859 [0] NCCL INFO Channel 00/04 :    0   3   1   2   6   5   7   4
x3103c0s37b0n0:1229655:1230859 [0] NCCL INFO Channel 01/04 :    0   4   7   5   6   2   1   3
x3103c0s37b0n0:1229655:1230859 [0] NCCL INFO Channel 02/04 :    0   3   1   2   6   5   7   4
x3103c0s37b0n0:1229655:1230859 [0] NCCL INFO Channel 03/04 :    0   4   7   5   6   2   1   3
x3103c0s37b0n0:1229655:1230859 [0] NCCL INFO Trees [0] 1/4/-1->0->-1 [1] 1/-1/-1->0->3 [2] 1/-1/-1->0->4 [3] 1/-1/-1->0->3
x3103c0s37b0n0:1229655:1230859 [0] NCCL INFO P2P Chunksize set to 131072
x3103c0s41b0n0:1993982:1995160 [0] NCCL INFO P2P Chunksize set to 131072
x3103c0s37b0n0:1229656:1230862 [1] NCCL INFO comm 0x20498e0 rank 1 nRanks 8 nNodes 2 localRanks 4 localRank 1 MNNVL 0
x3103c0s37b0n0:1229657:1230860 [2] NCCL INFO comm 0x2dc4ab0 rank 2 nRanks 8 nNodes 2 localRanks 4 localRank 2 MNNVL 0
x3103c0s37b0n0:1229657:1230860 [2] NCCL INFO Trees [0] 3/-1/-1->2->1 [1] 3/6/-1->2->-1 [2] 3/-1/-1->2->1 [3] 3/-1/-1->2->6
x3103c0s37b0n0:1229657:1230860 [2] NCCL INFO P2P Chunksize set to 131072
x3103c0s37b0n0:1229656:1230862 [1] NCCL INFO Trees [0] 2/-1/-1->1->0 [1] -1/-1/-1->1->0 [2] 2/-1/-1->1->0 [3] -1/-1/-1->1->0
x3103c0s37b0n0:1229656:1230862 [1] NCCL INFO P2P Chunksize set to 131072
x3103c0s37b0n0:1229655:1230859 [0] NCCL INFO Channel 00/0 : 0[0] -> 3[3] via P2P/CUMEM
x3103c0s41b0n0:1993982:1995160 [0] NCCL INFO Channel 01/0 : 4[0] -> 7[3] via P2P/CUMEM
x3103c0s41b0n0:1993983:1995159 [1] NCCL INFO Channel 01/0 : 5[1] -> 6[2] via P2P/CUMEM
x3103c0s37b0n0:1229656:1230862 [1] NCCL INFO Channel 00/0 : 1[1] -> 2[2] via P2P/CUMEM
x3103c0s37b0n0:1229655:1230859 [0] NCCL INFO Channel 02/0 : 0[0] -> 3[3] via P2P/CUMEM
x3103c0s37b0n0:1229656:1230862 [1] NCCL INFO Channel 02/0 : 1[1] -> 2[2] via P2P/CUMEM
x3103c0s41b0n0:1993983:1995159 [1] NCCL INFO Channel 03/0 : 5[1] -> 6[2] via P2P/CUMEM
x3103c0s41b0n0:1993982:1995160 [0] NCCL INFO Channel 03/0 : 4[0] -> 7[3] via P2P/CUMEM
x3103c0s37b0n0:1229656:1230862 [1] NCCL INFO Channel 01/0 : 1[1] -> 3[3] via P2P/CUMEM
x3103c0s41b0n0:1993983:1995159 [1] NCCL INFO Channel 00/0 : 5[1] -> 7[3] via P2P/CUMEM
x3103c0s37b0n0:1229656:1230862 [1] NCCL INFO Channel 03/0 : 1[1] -> 3[3] via P2P/CUMEM
x3103c0s41b0n0:1993983:1995159 [1] NCCL INFO Channel 02/0 : 5[1] -> 7[3] via P2P/CUMEM
x3103c0s41b0n0:1993985:1995158 [3] NCCL INFO Channel 00/0 : 7[3] -> 4[0] via P2P/CUMEM
x3103c0s37b0n0:1229658:1230861 [3] NCCL INFO Channel 01/0 : 3[3] -> 0[0] via P2P/CUMEM
x3103c0s37b0n0:1229658:1230861 [3] NCCL INFO Channel 03/0 : 3[3] -> 0[0] via P2P/CUMEM
x3103c0s41b0n0:1993985:1995158 [3] NCCL INFO Channel 02/0 : 7[3] -> 4[0] via P2P/CUMEM
x3103c0s37b0n0:1229657:1230860 [2] NCCL INFO Channel 01/0 : 6[2] -> 2[2] [receive] via NET/AWS Libfabric/3/GDRDMA
x3103c0s37b0n0:1229657:1230860 [2] NCCL INFO Channel 03/0 : 6[2] -> 2[2] [receive] via NET/AWS Libfabric/3/GDRDMA
x3103c0s37b0n0:1229657:1230860 [2] NCCL INFO Channel 00/0 : 2[2] -> 6[2] [send] via NET/AWS Libfabric/3/GDRDMA
x3103c0s37b0n0:1229657:1230860 [2] NCCL INFO Channel 02/0 : 2[2] -> 6[2] [send] via NET/AWS Libfabric/3/GDRDMA
x3103c0s41b0n0:1993984:1995161 [2] NCCL INFO Channel 00/0 : 2[2] -> 6[2] [receive] via NET/AWS Libfabric/3/GDRDMA
x3103c0s41b0n0:1993984:1995161 [2] NCCL INFO Channel 02/0 : 2[2] -> 6[2] [receive] via NET/AWS Libfabric/3/GDRDMA
x3103c0s41b0n0:1993984:1995161 [2] NCCL INFO Channel 01/0 : 6[2] -> 2[2] [send] via NET/AWS Libfabric/3/GDRDMA
x3103c0s41b0n0:1993984:1995161 [2] NCCL INFO Channel 03/0 : 6[2] -> 2[2] [send] via NET/AWS Libfabric/3/GDRDMA
x3103c0s37b0n0:1229657:1230860 [2] NCCL INFO Channel 01/0 : 2[2] -> 1[1] via P2P/CUMEM
x3103c0s41b0n0:1993984:1995161 [2] NCCL INFO Channel 00/0 : 6[2] -> 5[1] via P2P/CUMEM
x3103c0s41b0n0:1993982:1995160 [0] NCCL INFO Channel 01/0 : 0[0] -> 4[0] [receive] via NET/AWS Libfabric/1/GDRDMA
x3103c0s37b0n0:1229657:1230860 [2] NCCL INFO Channel 03/0 : 2[2] -> 1[1] via P2P/CUMEM
x3103c0s41b0n0:1993984:1995161 [2] NCCL INFO Channel 02/0 : 6[2] -> 5[1] via P2P/CUMEM
x3103c0s41b0n0:1993982:1995160 [0] NCCL INFO Channel 03/0 : 0[0] -> 4[0] [receive] via NET/AWS Libfabric/1/GDRDMA
x3103c0s41b0n0:1993982:1995160 [0] NCCL INFO Channel 00/0 : 4[0] -> 0[0] [send] via NET/AWS Libfabric/1/GDRDMA
x3103c0s37b0n0:1229655:1230859 [0] NCCL INFO Channel 00/0 : 4[0] -> 0[0] [receive] via NET/AWS Libfabric/1/GDRDMA
x3103c0s41b0n0:1993982:1995160 [0] NCCL INFO Channel 02/0 : 4[0] -> 0[0] [send] via NET/AWS Libfabric/1/GDRDMA
x3103c0s37b0n0:1229655:1230859 [0] NCCL INFO Channel 02/0 : 4[0] -> 0[0] [receive] via NET/AWS Libfabric/1/GDRDMA
x3103c0s37b0n0:1229655:1230859 [0] NCCL INFO Channel 01/0 : 0[0] -> 4[0] [send] via NET/AWS Libfabric/1/GDRDMA
x3103c0s37b0n0:1229655:1230859 [0] NCCL INFO Channel 03/0 : 0[0] -> 4[0] [send] via NET/AWS Libfabric/1/GDRDMA
x3103c0s37b0n0:1229658:1230861 [3] NCCL INFO Channel 00/0 : 3[3] -> 1[1] via P2P/CUMEM
x3103c0s41b0n0:1993985:1995158 [3] NCCL INFO Channel 01/0 : 7[3] -> 5[1] via P2P/CUMEM
x3103c0s37b0n0:1229658:1230861 [3] NCCL INFO Channel 02/0 : 3[3] -> 1[1] via P2P/CUMEM
x3103c0s41b0n0:1993985:1995158 [3] NCCL INFO Channel 03/0 : 7[3] -> 5[1] via P2P/CUMEM
x3103c0s37b0n0:1229655:1230859 [0] NCCL INFO Connected all rings
x3103c0s37b0n0:1229655:1230859 [0] NCCL INFO Channel 00/0 : 0[0] -> 1[1] via P2P/CUMEM
x3103c0s37b0n0:1229658:1230861 [3] NCCL INFO Connected all rings
x3103c0s41b0n0:1993982:1995160 [0] NCCL INFO Connected all rings
x3103c0s41b0n0:1993982:1995160 [0] NCCL INFO Channel 00/0 : 4[0] -> 5[1] via P2P/CUMEM
x3103c0s37b0n0:1229656:1230862 [1] NCCL INFO Connected all rings
x3103c0s41b0n0:1993985:1995158 [3] NCCL INFO Connected all rings
x3103c0s37b0n0:1229657:1230860 [2] NCCL INFO Connected all rings
x3103c0s37b0n0:1229657:1230860 [2] NCCL INFO Channel 00/0 : 2[2] -> 3[3] via P2P/CUMEM
x3103c0s41b0n0:1993983:1995159 [1] NCCL INFO Connected all rings
x3103c0s41b0n0:1993984:1995161 [2] NCCL INFO Connected all rings
x3103c0s41b0n0:1993982:1995160 [0] NCCL INFO Channel 01/0 : 4[0] -> 5[1] via P2P/CUMEM
x3103c0s37b0n0:1229655:1230859 [0] NCCL INFO Channel 01/0 : 0[0] -> 1[1] via P2P/CUMEM
x3103c0s37b0n0:1229657:1230860 [2] NCCL INFO Channel 01/0 : 2[2] -> 3[3] via P2P/CUMEM
x3103c0s37b0n0:1229655:1230859 [0] NCCL INFO Channel 02/0 : 0[0] -> 1[1] via P2P/CUMEM
x3103c0s41b0n0:1993982:1995160 [0] NCCL INFO Channel 02/0 : 4[0] -> 5[1] via P2P/CUMEM
x3103c0s37b0n0:1229657:1230860 [2] NCCL INFO Channel 02/0 : 2[2] -> 3[3] via P2P/CUMEM
x3103c0s41b0n0:1993984:1995161 [2] NCCL INFO Channel 00/0 : 6[2] -> 7[3] via P2P/CUMEM
x3103c0s37b0n0:1229655:1230859 [0] NCCL INFO Channel 03/0 : 0[0] -> 1[1] via P2P/CUMEM
x3103c0s41b0n0:1993982:1995160 [0] NCCL INFO Channel 03/0 : 4[0] -> 5[1] via P2P/CUMEM
x3103c0s37b0n0:1229657:1230860 [2] NCCL INFO Channel 03/0 : 2[2] -> 3[3] via P2P/CUMEM
x3103c0s41b0n0:1993984:1995161 [2] NCCL INFO Channel 01/0 : 6[2] -> 7[3] via P2P/CUMEM
x3103c0s37b0n0:1229655:1230859 [0] NCCL INFO Channel 01/0 : 0[0] -> 3[3] via P2P/CUMEM
x3103c0s41b0n0:1993984:1995161 [2] NCCL INFO Channel 02/0 : 6[2] -> 7[3] via P2P/CUMEM
x3103c0s41b0n0:1993983:1995159 [1] NCCL INFO Channel 00/0 : 5[1] -> 6[2] via P2P/CUMEM
x3103c0s37b0n0:1229657:1230860 [2] NCCL INFO Channel 01/0 : 2[2] -> 6[2] [send] via NET/AWS Libfabric/3/GDRDMA
x3103c0s37b0n0:1229655:1230859 [0] NCCL INFO Channel 03/0 : 0[0] -> 3[3] via P2P/CUMEM
x3103c0s41b0n0:1993984:1995161 [2] NCCL INFO Channel 03/0 : 6[2] -> 7[3] via P2P/CUMEM
x3103c0s37b0n0:1229657:1230860 [2] NCCL INFO Channel 03/0 : 2[2] -> 6[2] [send] via NET/AWS Libfabric/3/GDRDMA
x3103c0s41b0n0:1993983:1995159 [1] NCCL INFO Channel 02/0 : 5[1] -> 6[2] via P2P/CUMEM
x3103c0s37b0n0:1229656:1230862 [1] NCCL INFO Channel 00/0 : 1[1] -> 0[0] via P2P/CUMEM
x3103c0s41b0n0:1993985:1995158 [3] NCCL INFO Channel 01/0 : 7[3] -> 4[0] via P2P/CUMEM
x3103c0s41b0n0:1993983:1995159 [1] NCCL INFO Channel 00/0 : 5[1] -> 4[0] via P2P/CUMEM
x3103c0s41b0n0:1993982:1995160 [0] NCCL INFO Channel 00/0 : 0[0] -> 4[0] [receive] via NET/AWS Libfabric/1/GDRDMA
x3103c0s37b0n0:1229656:1230862 [1] NCCL INFO Channel 01/0 : 1[1] -> 0[0] via P2P/CUMEM
x3103c0s41b0n0:1993985:1995158 [3] NCCL INFO Channel 03/0 : 7[3] -> 4[0] via P2P/CUMEM
x3103c0s37b0n0:1229658:1230861 [3] NCCL INFO Channel 00/0 : 3[3] -> 2[2] via P2P/CUMEM
x3103c0s41b0n0:1993982:1995160 [0] NCCL INFO Channel 02/0 : 0[0] -> 4[0] [receive] via NET/AWS Libfabric/1/GDRDMA
x3103c0s37b0n0:1229655:1230859 [0] NCCL INFO Channel 00/0 : 0[0] -> 4[0] [send] via NET/AWS Libfabric/1/GDRDMA
x3103c0s41b0n0:1993984:1995161 [2] NCCL INFO Channel 01/0 : 2[2] -> 6[2] [receive] via NET/AWS Libfabric/3/GDRDMA
x3103c0s41b0n0:1993983:1995159 [1] NCCL INFO Channel 01/0 : 5[1] -> 4[0] via P2P/CUMEM
x3103c0s37b0n0:1229655:1230859 [0] NCCL INFO Channel 02/0 : 0[0] -> 4[0] [send] via NET/AWS Libfabric/1/GDRDMA
x3103c0s41b0n0:1993984:1995161 [2] NCCL INFO Channel 03/0 : 2[2] -> 6[2] [receive] via NET/AWS Libfabric/3/GDRDMA
x3103c0s37b0n0:1229656:1230862 [1] NCCL INFO Channel 02/0 : 1[1] -> 0[0] via P2P/CUMEM
x3103c0s37b0n0:1229658:1230861 [3] NCCL INFO Channel 01/0 : 3[3] -> 2[2] via P2P/CUMEM
x3103c0s41b0n0:1993983:1995159 [1] NCCL INFO Channel 02/0 : 5[1] -> 4[0] via P2P/CUMEM
x3103c0s37b0n0:1229658:1230861 [3] NCCL INFO Channel 02/0 : 3[3] -> 2[2] via P2P/CUMEM
x3103c0s41b0n0:1993983:1995159 [1] NCCL INFO Channel 03/0 : 5[1] -> 4[0] via P2P/CUMEM
x3103c0s37b0n0:1229656:1230862 [1] NCCL INFO Channel 03/0 : 1[1] -> 0[0] via P2P/CUMEM
x3103c0s37b0n0:1229658:1230861 [3] NCCL INFO Channel 03/0 : 3[3] -> 2[2] via P2P/CUMEM
x3103c0s41b0n0:1993985:1995158 [3] NCCL INFO Channel 00/0 : 7[3] -> 6[2] via P2P/CUMEM
x3103c0s41b0n0:1993985:1995158 [3] NCCL INFO Channel 01/0 : 7[3] -> 6[2] via P2P/CUMEM
x3103c0s41b0n0:1993985:1995158 [3] NCCL INFO Channel 02/0 : 7[3] -> 6[2] via P2P/CUMEM
x3103c0s41b0n0:1993985:1995158 [3] NCCL INFO Channel 03/0 : 7[3] -> 6[2] via P2P/CUMEM
x3103c0s37b0n0:1229657:1230860 [2] NCCL INFO Channel 00/0 : 2[2] -> 1[1] via P2P/CUMEM
x3103c0s37b0n0:1229657:1230860 [2] NCCL INFO Channel 02/0 : 2[2] -> 1[1] via P2P/CUMEM
x3103c0s37b0n0:1229655:1230859 [0] NCCL INFO Connected all trees
x3103c0s37b0n0:1229655:1230859 [0] NCCL INFO threadThresholds 8/8/64 | 64/8/64 | 512 | 512
x3103c0s37b0n0:1229655:1230859 [0] NCCL INFO 4 coll channels, 4 collnet channels, 0 nvls channels, 4 p2p channels, 2 p2p channels per peer
x3103c0s41b0n0:1993982:1995160 [0] NCCL INFO Connected all trees
x3103c0s41b0n0:1993982:1995160 [0] NCCL INFO threadThresholds 8/8/64 | 64/8/64 | 512 | 512
x3103c0s41b0n0:1993982:1995160 [0] NCCL INFO 4 coll channels, 4 collnet channels, 0 nvls channels, 4 p2p channels, 2 p2p channels per peer
x3103c0s41b0n0:1993983:1995159 [1] NCCL INFO Connected all trees
x3103c0s41b0n0:1993983:1995159 [1] NCCL INFO threadThresholds 8/8/64 | 64/8/64 | 512 | 512
x3103c0s41b0n0:1993983:1995159 [1] NCCL INFO 4 coll channels, 4 collnet channels, 0 nvls channels, 4 p2p channels, 2 p2p channels per peer
x3103c0s41b0n0:1993984:1995161 [2] NCCL INFO Connected all trees
x3103c0s41b0n0:1993985:1995158 [3] NCCL INFO Connected all trees
x3103c0s41b0n0:1993984:1995161 [2] NCCL INFO threadThresholds 8/8/64 | 64/8/64 | 512 | 512
x3103c0s41b0n0:1993984:1995161 [2] NCCL INFO 4 coll channels, 4 collnet channels, 0 nvls channels, 4 p2p channels, 2 p2p channels per peer
x3103c0s41b0n0:1993985:1995158 [3] NCCL INFO threadThresholds 8/8/64 | 64/8/64 | 512 | 512
x3103c0s41b0n0:1993985:1995158 [3] NCCL INFO 4 coll channels, 4 collnet channels, 0 nvls channels, 4 p2p channels, 2 p2p channels per peer
x3103c0s37b0n0:1229656:1230862 [1] NCCL INFO Connected all trees
x3103c0s37b0n0:1229656:1230862 [1] NCCL INFO threadThresholds 8/8/64 | 64/8/64 | 512 | 512
x3103c0s37b0n0:1229656:1230862 [1] NCCL INFO 4 coll channels, 4 collnet channels, 0 nvls channels, 4 p2p channels, 2 p2p channels per peer
x3103c0s37b0n0:1229657:1230860 [2] NCCL INFO Connected all trees
x3103c0s37b0n0:1229658:1230861 [3] NCCL INFO Connected all trees
x3103c0s37b0n0:1229658:1230861 [3] NCCL INFO threadThresholds 8/8/64 | 64/8/64 | 512 | 512
x3103c0s37b0n0:1229658:1230861 [3] NCCL INFO 4 coll channels, 4 collnet channels, 0 nvls channels, 4 p2p channels, 2 p2p channels per peer
x3103c0s37b0n0:1229657:1230860 [2] NCCL INFO threadThresholds 8/8/64 | 64/8/64 | 512 | 512
x3103c0s37b0n0:1229657:1230860 [2] NCCL INFO 4 coll channels, 4 collnet channels, 0 nvls channels, 4 p2p channels, 2 p2p channels per peer
x3103c0s41b0n0:1993982:1995160 [0] NCCL INFO TUNER/Plugin: Failed to find ncclTunerPlugin_v2, using internal tuner instead.
x3103c0s41b0n0:1993982:1995160 [0] NCCL INFO ncclCommInitRank comm 0x2e54170 rank 4 nranks 8 cudaDev 0 nvmlDev 0 busId 4000 commId 0x7c70b33cd5bd1719 - Init COMPLETE
x3103c0s41b0n0:1993983:1995159 [1] NCCL INFO TUNER/Plugin: Failed to find ncclTunerPlugin_v2, using internal tuner instead.
x3103c0s41b0n0:1993983:1995159 [1] NCCL INFO ncclCommInitRank comm 0x24a3ab0 rank 5 nranks 8 cudaDev 1 nvmlDev 1 busId 64000 commId 0x7c70b33cd5bd1719 - Init COMPLETE
x3103c0s41b0n0:1993984:1995161 [2] NCCL INFO TUNER/Plugin: Failed to find ncclTunerPlugin_v2, using internal tuner instead.
x3103c0s41b0n0:1993984:1995161 [2] NCCL INFO ncclCommInitRank comm 0x1a45710 rank 6 nranks 8 cudaDev 2 nvmlDev 2 busId 84000 commId 0x7c70b33cd5bd1719 - Init COMPLETE
x3103c0s41b0n0:1993985:1995158 [3] NCCL INFO TUNER/Plugin: Failed to find ncclTunerPlugin_v2, using internal tuner instead.
x3103c0s41b0n0:1993985:1995158 [3] NCCL INFO ncclCommInitRank comm 0x18a8bf0 rank 7 nranks 8 cudaDev 3 nvmlDev 3 busId e4000 commId 0x7c70b33cd5bd1719 - Init COMPLETE
x3103c0s37b0n0:1229656:1230862 [1] NCCL INFO TUNER/Plugin: Failed to find ncclTunerPlugin_v2, using internal tuner instead.
x3103c0s37b0n0:1229656:1230862 [1] NCCL INFO ncclCommInitRank comm 0x20498e0 rank 1 nranks 8 cudaDev 1 nvmlDev 1 busId 64000 commId 0x7c70b33cd5bd1719 - Init COMPLETE
x3103c0s37b0n0:1229657:1230860 [2] NCCL INFO TUNER/Plugin: Failed to find ncclTunerPlugin_v2, using internal tuner instead.
x3103c0s37b0n0:1229657:1230860 [2] NCCL INFO ncclCommInitRank comm 0x2dc4ab0 rank 2 nranks 8 cudaDev 2 nvmlDev 2 busId 84000 commId 0x7c70b33cd5bd1719 - Init COMPLETE
x3103c0s37b0n0:1229658:1230861 [3] NCCL INFO TUNER/Plugin: Failed to find ncclTunerPlugin_v2, using internal tuner instead.
x3103c0s37b0n0:1229658:1230861 [3] NCCL INFO ncclCommInitRank comm 0x186d9b0 rank 3 nranks 8 cudaDev 3 nvmlDev 3 busId e4000 commId 0x7c70b33cd5bd1719 - Init COMPLETE
x3103c0s37b0n0:1229655:1230859 [0] NCCL INFO TUNER/Plugin: Failed to find ncclTunerPlugin_v2, using internal tuner instead.
x3103c0s37b0n0:1229655:1230859 [0] NCCL INFO ncclCommInitRank comm 0x23e0610 rank 0 nranks 8 cudaDev 0 nvmlDev 0 busId 4000 commId 0x7c70b33cd5bd1719 - Init COMPLETE
#
#                                                              out-of-place                       in-place          
#       size         count      type   redop    root     time   algbw   busbw #wrong     time   algbw   busbw #wrong
#        (B)    (elements)                               (us)  (GB/s)  (GB/s)            (us)  (GB/s)  (GB/s)       
           8             2     float     sum      -1    18.56    0.00    0.00      0    17.42    0.00    0.00      0
          16             4     float     sum      -1    16.55    0.00    0.00      0    16.57    0.00    0.00      0
          32             8     float     sum      -1    16.85    0.00    0.00      0    17.29    0.00    0.00      0
          64            16     float     sum      -1    18.93    0.00    0.01      0    19.26    0.00    0.01      0
         128            32     float     sum      -1    18.91    0.01    0.01      0    18.67    0.01    0.01      0
         256            64     float     sum      -1    18.91    0.01    0.02      0    18.87    0.01    0.02      0
         512           128     float     sum      -1    19.55    0.03    0.05      0    19.41    0.03    0.05      0
        1024           256     float     sum      -1    21.50    0.05    0.08      0    21.23    0.05    0.08      0
        2048           512     float     sum      -1    30.88    0.07    0.12      0    22.03    0.09    0.16      0
        4096          1024     float     sum      -1    31.14    0.13    0.23      0    22.48    0.18    0.32      0
        8192          2048     float     sum      -1    31.43    0.26    0.46      0    24.99    0.33    0.57      0
       16384          4096     float     sum      -1    30.46    0.54    0.94      0    25.10    0.65    1.14      0
       32768          8192     float     sum      -1    37.05    0.88    1.55      0    27.71    1.18    2.07      0
       65536         16384     float     sum      -1    49.24    1.33    2.33      0    39.21    1.67    2.93      0
      131072         32768     float     sum      -1    62.87    2.08    3.65      0    50.94    2.57    4.50      0
      262144         65536     float     sum      -1    289.3    0.91    1.59      0    310.9    0.84    1.48      0
      524288        131072     float     sum      -1    79.18    6.62   11.59      0    79.13    6.63   11.60      0
     1048576        262144     float     sum      -1    89.47   11.72   20.51      0    89.99   11.65   20.39      0
     2097152        524288     float     sum      -1    115.6   18.14   31.75      0    115.9   18.10   31.67      0
     4194304       1048576     float     sum      -1    202.9   20.67   36.17      0    201.8   20.78   36.36      0
     8388608       2097152     float     sum      -1    378.2   22.18   38.81      0    377.4   22.23   38.90      0
    16777216       4194304     float     sum      -1    725.6   23.12   40.46      0    724.4   23.16   40.53      0
    33554432       8388608     float     sum      -1   1411.3   23.78   41.61      0   1411.3   23.78   41.61      0
    67108864      16777216     float     sum      -1   1711.7   39.21   68.61      0   1712.9   39.18   68.56      0
   134217728      33554432     float     sum      -1   3185.6   42.13   73.73      0   3181.8   42.18   73.82      0
   268435456      67108864     float     sum      -1   6136.0   43.75   76.56      0   6125.7   43.82   76.69      0
   536870912     134217728     float     sum      -1    12035   44.61   78.07      0    12023   44.65   78.14      0
  1073741824     268435456     float     sum      -1    23803   45.11   78.94      0    23788   45.14   78.99      0
  2147483648     536870912     float     sum      -1    47402   45.30   79.28      0    47352   45.35   79.37      0
  4294967296    1073741824     float     sum      -1    94534   45.43   79.51      0    94484   45.46   79.55      0
x3103c0s41b0n0:1993982:1993982 [0] NCCL INFO comm 0x2e54170 rank 4 nranks 8 cudaDev 0 busId 4000 - Destroy COMPLETE
x3103c0s37b0n0:1229656:1229656 [1] NCCL INFO comm 0x20498e0 rank 1 nranks 8 cudaDev 1 busId 64000 - Destroy COMPLETE
x3103c0s37b0n0:1229657:1229657 [2] NCCL INFO comm 0x2dc4ab0 rank 2 nranks 8 cudaDev 2 busId 84000 - Destroy COMPLETE
x3103c0s37b0n0:1229658:1229658 [3] NCCL INFO comm 0x186d9b0 rank 3 nranks 8 cudaDev 3 busId e4000 - Destroy COMPLETE
x3103c0s41b0n0:1993983:1993983 [1] NCCL INFO comm 0x24a3ab0 rank 5 nranks 8 cudaDev 1 busId 64000 - Destroy COMPLETE
x3103c0s41b0n0:1993985:1993985 [3] NCCL INFO comm 0x18a8bf0 rank 7 nranks 8 cudaDev 3 busId e4000 - Destroy COMPLETE
x3103c0s37b0n0:1229655:1229655 [0] NCCL INFO comm 0x23e0610 rank 0 nranks 8 cudaDev 0 busId 4000 - Destroy COMPLETE
# Out of bounds values : 0 OK
# Avg bus bandwidth    : 25.6027 
#
x3103c0s41b0n0:1993984:1993984 [2] NCCL INFO comm 0x1a45710 rank 6 nranks 8 cudaDev 2 busId 84000 - Destroy COMPLETE

MPICH Slingshot Network Summary: 0 network timeouts

MPICH Slingshot CXI Counter Summary:
Counter                                Samples          Min         (/s)         Mean         (/s)          Max         (/s)
atu_cache_evictions                          4         6711        353.2         7039        392.0         7420        420.8
atu_cache_hit_base_page_size_0               4    492834207   25938642.5    492852566   27423088.7    492885743   27382541.3
lpe_net_match_priority_0                     4       593670      31250.9       594676      33089.7       596214      35003.1
lpe_net_match_overflow_0                     4       182204      10122.4       183185      10192.3       183879      10215.5
lpe_net_match_request_0                      4           85          4.6          254         14.4          436         24.2
lpe_rndzv_puts_0                             4       387616      21534.2       387748      21575.0       387968      22821.6
lpe_rndzv_puts_offloaded_0                   4       387616      21534.2       387748      21575.0       387968      22821.6
hni_rx_paused_0                              4         1222         67.9         1332         74.0         1427         76.4
parbs_tarb_pi_posted_pkts                    4    788026113   43779228.5    788066860   43849333.6    788147475   46361616.2
parbs_tarb_pi_posted_blocked_cnt             4    679553138   37752952.1    684898076   38101039.9    690254592   38347477.3
parbs_tarb_pi_non_posted_pkts                4    393353949   20702839.4    393375684   21888036.5    393417084   21856504.7
parbs_tarb_pi_non_posted_blocked_cnt         4      2869693     162283.4      2973588     165301.8      3067144     168689.6

# nThread 1 nGpus 1 minBytes 8 maxBytes 4294967296 step: 2(factor) warmup iters: 5 iters: 20 agg iters: 1 validation: 1 graph: 0
#
# Using devices
#  Rank  0 Group  0 Pid 1233139 on x3103c0s37b0n0 device  0 [0000:04:00] NVIDIA H100 80GB HBM3
#  Rank  1 Group  0 Pid 1233140 on x3103c0s37b0n0 device  1 [0000:64:00] NVIDIA H100 80GB HBM3
#  Rank  2 Group  0 Pid 1233141 on x3103c0s37b0n0 device  2 [0000:84:00] NVIDIA H100 80GB HBM3
#  Rank  3 Group  0 Pid 1233142 on x3103c0s37b0n0 device  3 [0000:e4:00] NVIDIA H100 80GB HBM3
#  Rank  4 Group  0 Pid 1997428 on x3103c0s41b0n0 device  0 [0000:04:00] NVIDIA H100 80GB HBM3
#  Rank  5 Group  0 Pid 1997429 on x3103c0s41b0n0 device  1 [0000:64:00] NVIDIA H100 80GB HBM3
#  Rank  6 Group  0 Pid 1997430 on x3103c0s41b0n0 device  2 [0000:84:00] NVIDIA H100 80GB HBM3
#  Rank  7 Group  0 Pid 1997431 on x3103c0s41b0n0 device  3 [0000:e4:00] NVIDIA H100 80GB HBM3
x3103c0s37b0n0:1233139:1233139 [0] NCCL INFO NCCL_SOCKET_IFNAME set by environment to hsn
x3103c0s37b0n0:1233139:1233139 [0] NCCL INFO Bootstrap : Using hsn0:10.150.2.6<0>
x3103c0s37b0n0:1233139:1233139 [0] NCCL INFO NET/Plugin: Failed to find ncclNetPlugin_v8 symbol.
x3103c0s37b0n0:1233139:1233139 [0] NCCL INFO NET/Plugin: Loaded net plugin AWS Libfabric (v6)
x3103c0s37b0n0:1233139:1233139 [0] NCCL INFO NET/Plugin: Failed to find ncclCollNetPlugin_v8 symbol.
x3103c0s37b0n0:1233139:1233139 [0] NCCL INFO NET/Plugin: Failed to find ncclCollNetPlugin symbol (>= v5). ncclCollNetPlugin symbols v4 and lower are not supported.
x3103c0s37b0n0:1233139:1233139 [0] NCCL INFO cudaDriverVersion 12040
x3103c0s41b0n0:1997431:1997431 [3] NCCL INFO cudaDriverVersion 12040
x3103c0s41b0n0:1997430:1997430 [2] NCCL INFO cudaDriverVersion 12040
x3103c0s41b0n0:1997429:1997429 [1] NCCL INFO cudaDriverVersion 12040
x3103c0s41b0n0:1997428:1997428 [0] NCCL INFO cudaDriverVersion 12040
x3103c0s37b0n0:1233140:1233140 [1] NCCL INFO cudaDriverVersion 12040
x3103c0s37b0n0:1233141:1233141 [2] NCCL INFO cudaDriverVersion 12040
x3103c0s37b0n0:1233142:1233142 [3] NCCL INFO cudaDriverVersion 12040
x3103c0s41b0n0:1997428:1997428 [0] NCCL INFO NCCL_SOCKET_IFNAME set by environment to hsn
NCCL version 2.21.5+cuda12.3
x3103c0s37b0n0:1233142:1233142 [3] NCCL INFO NCCL_SOCKET_IFNAME set by environment to hsn
x3103c0s37b0n0:1233141:1233141 [2] NCCL INFO NCCL_SOCKET_IFNAME set by environment to hsn
x3103c0s37b0n0:1233140:1233140 [1] NCCL INFO NCCL_SOCKET_IFNAME set by environment to hsn
x3103c0s41b0n0:1997429:1997429 [1] NCCL INFO NCCL_SOCKET_IFNAME set by environment to hsn
x3103c0s41b0n0:1997430:1997430 [2] NCCL INFO NCCL_SOCKET_IFNAME set by environment to hsn
x3103c0s41b0n0:1997431:1997431 [3] NCCL INFO NCCL_SOCKET_IFNAME set by environment to hsn
x3103c0s37b0n0:1233140:1233140 [1] NCCL INFO Bootstrap : Using hsn0:10.150.2.6<0>
x3103c0s37b0n0:1233141:1233141 [2] NCCL INFO Bootstrap : Using hsn0:10.150.2.6<0>
x3103c0s37b0n0:1233142:1233142 [3] NCCL INFO Bootstrap : Using hsn0:10.150.2.6<0>
x3103c0s41b0n0:1997429:1997429 [1] NCCL INFO Bootstrap : Using hsn0:10.150.2.18<0>
x3103c0s41b0n0:1997430:1997430 [2] NCCL INFO Bootstrap : Using hsn0:10.150.2.18<0>
x3103c0s41b0n0:1997431:1997431 [3] NCCL INFO Bootstrap : Using hsn0:10.150.2.18<0>
x3103c0s41b0n0:1997428:1997428 [0] NCCL INFO Bootstrap : Using hsn0:10.150.2.18<0>
x3103c0s37b0n0:1233141:1233141 [2] NCCL INFO NET/Plugin: Failed to find ncclNetPlugin_v8 symbol.
x3103c0s37b0n0:1233141:1233141 [2] NCCL INFO NET/Plugin: Loaded net plugin AWS Libfabric (v6)
x3103c0s37b0n0:1233141:1233141 [2] NCCL INFO NET/Plugin: Failed to find ncclCollNetPlugin_v8 symbol.
x3103c0s37b0n0:1233141:1233141 [2] NCCL INFO NET/Plugin: Failed to find ncclCollNetPlugin symbol (>= v5). ncclCollNetPlugin symbols v4 and lower are not supported.
x3103c0s37b0n0:1233142:1233142 [3] NCCL INFO NET/Plugin: Failed to find ncclNetPlugin_v8 symbol.
x3103c0s37b0n0:1233142:1233142 [3] NCCL INFO NET/Plugin: Loaded net plugin AWS Libfabric (v6)
x3103c0s37b0n0:1233142:1233142 [3] NCCL INFO NET/Plugin: Failed to find ncclCollNetPlugin_v8 symbol.
x3103c0s37b0n0:1233142:1233142 [3] NCCL INFO NET/Plugin: Failed to find ncclCollNetPlugin symbol (>= v5). ncclCollNetPlugin symbols v4 and lower are not supported.
x3103c0s41b0n0:1997431:1997431 [3] NCCL INFO NET/Plugin: Failed to find ncclNetPlugin_v8 symbol.
x3103c0s41b0n0:1997431:1997431 [3] NCCL INFO NET/Plugin: Loaded net plugin AWS Libfabric (v6)
x3103c0s41b0n0:1997431:1997431 [3] NCCL INFO NET/Plugin: Failed to find ncclCollNetPlugin_v8 symbol.
x3103c0s41b0n0:1997431:1997431 [3] NCCL INFO NET/Plugin: Failed to find ncclCollNetPlugin symbol (>= v5). ncclCollNetPlugin symbols v4 and lower are not supported.
x3103c0s41b0n0:1997428:1997428 [0] NCCL INFO NET/Plugin: Failed to find ncclNetPlugin_v8 symbol.
x3103c0s41b0n0:1997428:1997428 [0] NCCL INFO NET/Plugin: Loaded net plugin AWS Libfabric (v6)
x3103c0s41b0n0:1997428:1997428 [0] NCCL INFO NET/Plugin: Failed to find ncclCollNetPlugin_v8 symbol.
x3103c0s41b0n0:1997428:1997428 [0] NCCL INFO NET/Plugin: Failed to find ncclCollNetPlugin symbol (>= v5). ncclCollNetPlugin symbols v4 and lower are not supported.
x3103c0s41b0n0:1997429:1997429 [1] NCCL INFO NET/Plugin: Failed to find ncclNetPlugin_v8 symbol.
x3103c0s41b0n0:1997429:1997429 [1] NCCL INFO NET/Plugin: Loaded net plugin AWS Libfabric (v6)
x3103c0s41b0n0:1997429:1997429 [1] NCCL INFO NET/Plugin: Failed to find ncclCollNetPlugin_v8 symbol.
x3103c0s41b0n0:1997429:1997429 [1] NCCL INFO NET/Plugin: Failed to find ncclCollNetPlugin symbol (>= v5). ncclCollNetPlugin symbols v4 and lower are not supported.
x3103c0s41b0n0:1997430:1997430 [2] NCCL INFO NET/Plugin: Failed to find ncclNetPlugin_v8 symbol.
x3103c0s41b0n0:1997430:1997430 [2] NCCL INFO NET/Plugin: Loaded net plugin AWS Libfabric (v6)
x3103c0s41b0n0:1997430:1997430 [2] NCCL INFO NET/Plugin: Failed to find ncclCollNetPlugin_v8 symbol.
x3103c0s41b0n0:1997430:1997430 [2] NCCL INFO NET/Plugin: Failed to find ncclCollNetPlugin symbol (>= v5). ncclCollNetPlugin symbols v4 and lower are not supported.
x3103c0s37b0n0:1233140:1233140 [1] NCCL INFO NET/Plugin: Failed to find ncclNetPlugin_v8 symbol.
x3103c0s37b0n0:1233140:1233140 [1] NCCL INFO NET/Plugin: Loaded net plugin AWS Libfabric (v6)
x3103c0s37b0n0:1233140:1233140 [1] NCCL INFO NET/Plugin: Failed to find ncclCollNetPlugin_v8 symbol.
x3103c0s37b0n0:1233140:1233140 [1] NCCL INFO NET/Plugin: Failed to find ncclCollNetPlugin symbol (>= v5). ncclCollNetPlugin symbols v4 and lower are not supported.
x3103c0s37b0n0:1233139:1233765 [0] NCCL INFO NET/OFI Using aws-ofi-nccl 1.6.0
x3103c0s37b0n0:1233139:1233765 [0] NCCL INFO NET/OFI Selected Provider is cxi (found 4 nics)
x3103c0s37b0n0:1233139:1233765 [0] NCCL INFO Using non-device net plugin version 0
x3103c0s37b0n0:1233139:1233765 [0] NCCL INFO Using network AWS Libfabric
x3103c0s37b0n0:1233140:1233768 [1] NCCL INFO NET/OFI Using aws-ofi-nccl 1.6.0
x3103c0s37b0n0:1233140:1233768 [1] NCCL INFO NET/OFI Selected Provider is cxi (found 4 nics)
x3103c0s37b0n0:1233140:1233768 [1] NCCL INFO Using non-device net plugin version 0
x3103c0s37b0n0:1233140:1233768 [1] NCCL INFO Using network AWS Libfabric
x3103c0s41b0n0:1997431:1998045 [3] NCCL INFO NET/OFI Using aws-ofi-nccl 1.6.0
x3103c0s41b0n0:1997431:1998045 [3] NCCL INFO NET/OFI Selected Provider is cxi (found 4 nics)
x3103c0s37b0n0:1233141:1233766 [2] NCCL INFO NET/OFI Using aws-ofi-nccl 1.6.0
x3103c0s41b0n0:1997431:1998045 [3] NCCL INFO Using non-device net plugin version 0
x3103c0s41b0n0:1997431:1998045 [3] NCCL INFO Using network AWS Libfabric
x3103c0s37b0n0:1233142:1233767 [3] NCCL INFO NET/OFI Using aws-ofi-nccl 1.6.0
x3103c0s41b0n0:1997429:1998047 [1] NCCL INFO NET/OFI Using aws-ofi-nccl 1.6.0
x3103c0s41b0n0:1997429:1998047 [1] NCCL INFO NET/OFI Selected Provider is cxi (found 4 nics)
x3103c0s41b0n0:1997429:1998047 [1] NCCL INFO Using non-device net plugin version 0
x3103c0s41b0n0:1997429:1998047 [1] NCCL INFO Using network AWS Libfabric
x3103c0s41b0n0:1997428:1998046 [0] NCCL INFO NET/OFI Using aws-ofi-nccl 1.6.0
x3103c0s41b0n0:1997428:1998046 [0] NCCL INFO NET/OFI Selected Provider is cxi (found 4 nics)
x3103c0s41b0n0:1997428:1998046 [0] NCCL INFO Using non-device net plugin version 0
x3103c0s41b0n0:1997428:1998046 [0] NCCL INFO Using network AWS Libfabric
x3103c0s37b0n0:1233142:1233767 [3] NCCL INFO NET/OFI Selected Provider is cxi (found 4 nics)
x3103c0s37b0n0:1233142:1233767 [3] NCCL INFO Using non-device net plugin version 0
x3103c0s37b0n0:1233142:1233767 [3] NCCL INFO Using network AWS Libfabric
x3103c0s37b0n0:1233141:1233766 [2] NCCL INFO NET/OFI Selected Provider is cxi (found 4 nics)
x3103c0s37b0n0:1233141:1233766 [2] NCCL INFO Using non-device net plugin version 0
x3103c0s37b0n0:1233141:1233766 [2] NCCL INFO Using network AWS Libfabric
x3103c0s41b0n0:1997430:1998048 [2] NCCL INFO NET/OFI Using aws-ofi-nccl 1.6.0
x3103c0s41b0n0:1997430:1998048 [2] NCCL INFO NET/OFI Selected Provider is cxi (found 4 nics)
x3103c0s41b0n0:1997430:1998048 [2] NCCL INFO Using non-device net plugin version 0
x3103c0s41b0n0:1997430:1998048 [2] NCCL INFO Using network AWS Libfabric
x3103c0s37b0n0:1233140:1233768 [1] NCCL INFO ncclCommInitRank comm 0x2408900 rank 1 nranks 8 cudaDev 1 nvmlDev 1 busId 64000 commId 0x9fc0fab24ce77321 - Init START
x3103c0s41b0n0:1997428:1998046 [0] NCCL INFO ncclCommInitRank comm 0x311c1f0 rank 4 nranks 8 cudaDev 0 nvmlDev 0 busId 4000 commId 0x9fc0fab24ce77321 - Init START
x3103c0s37b0n0:1233142:1233767 [3] NCCL INFO ncclCommInitRank comm 0x2db98b0 rank 3 nranks 8 cudaDev 3 nvmlDev 3 busId e4000 commId 0x9fc0fab24ce77321 - Init START
x3103c0s41b0n0:1997429:1998047 [1] NCCL INFO ncclCommInitRank comm 0x27c9b90 rank 5 nranks 8 cudaDev 1 nvmlDev 1 busId 64000 commId 0x9fc0fab24ce77321 - Init START
x3103c0s37b0n0:1233139:1233765 [0] NCCL INFO ncclCommInitRank comm 0x1e96380 rank 0 nranks 8 cudaDev 0 nvmlDev 0 busId 4000 commId 0x9fc0fab24ce77321 - Init START
x3103c0s41b0n0:1997430:1998048 [2] NCCL INFO ncclCommInitRank comm 0x18f39f0 rank 6 nranks 8 cudaDev 2 nvmlDev 2 busId 84000 commId 0x9fc0fab24ce77321 - Init START
x3103c0s37b0n0:1233141:1233766 [2] NCCL INFO ncclCommInitRank comm 0x1e4f920 rank 2 nranks 8 cudaDev 2 nvmlDev 2 busId 84000 commId 0x9fc0fab24ce77321 - Init START
x3103c0s41b0n0:1997431:1998045 [3] NCCL INFO ncclCommInitRank comm 0x1df4a30 rank 7 nranks 8 cudaDev 3 nvmlDev 3 busId e4000 commId 0x9fc0fab24ce77321 - Init START
x3103c0s41b0n0:1997430:1998048 [2] NCCL INFO Setting affinity for GPU 2 to ffffffff,00000000,00000000,00000000
x3103c0s41b0n0:1997430:1998048 [2] NCCL INFO NVLS multicast support is not available on dev 2
x3103c0s41b0n0:1997430:1998048 [2] NCCL INFO NCCL_CROSS_NIC set by environment to 1.
x3103c0s41b0n0:1997428:1998046 [0] NCCL INFO Setting affinity for GPU 0 to ffffffff,00000000
x3103c0s41b0n0:1997428:1998046 [0] NCCL INFO NVLS multicast support is not available on dev 0
x3103c0s41b0n0:1997428:1998046 [0] NCCL INFO NCCL_CROSS_NIC set by environment to 1.
x3103c0s41b0n0:1997429:1998047 [1] NCCL INFO Setting affinity for GPU 1 to ffffffff
x3103c0s41b0n0:1997429:1998047 [1] NCCL INFO NVLS multicast support is not available on dev 1
x3103c0s41b0n0:1997429:1998047 [1] NCCL INFO NCCL_CROSS_NIC set by environment to 1.
x3103c0s41b0n0:1997431:1998045 [3] NCCL INFO Setting affinity for GPU 3 to ffffffff,00000000,00000000
x3103c0s41b0n0:1997431:1998045 [3] NCCL INFO NVLS multicast support is not available on dev 3
x3103c0s41b0n0:1997431:1998045 [3] NCCL INFO NCCL_CROSS_NIC set by environment to 1.
x3103c0s37b0n0:1233141:1233766 [2] NCCL INFO Setting affinity for GPU 2 to ffffffff,00000000,00000000,00000000
x3103c0s37b0n0:1233141:1233766 [2] NCCL INFO NVLS multicast support is not available on dev 2
x3103c0s37b0n0:1233141:1233766 [2] NCCL INFO NCCL_CROSS_NIC set by environment to 1.
x3103c0s37b0n0:1233139:1233765 [0] NCCL INFO Setting affinity for GPU 0 to ffffffff,00000000
x3103c0s37b0n0:1233139:1233765 [0] NCCL INFO NVLS multicast support is not available on dev 0
x3103c0s37b0n0:1233139:1233765 [0] NCCL INFO NCCL_CROSS_NIC set by environment to 1.
x3103c0s37b0n0:1233142:1233767 [3] NCCL INFO Setting affinity for GPU 3 to ffffffff,00000000,00000000
x3103c0s37b0n0:1233142:1233767 [3] NCCL INFO NVLS multicast support is not available on dev 3
x3103c0s37b0n0:1233142:1233767 [3] NCCL INFO NCCL_CROSS_NIC set by environment to 1.
x3103c0s37b0n0:1233140:1233768 [1] NCCL INFO Setting affinity for GPU 1 to ffffffff
x3103c0s37b0n0:1233140:1233768 [1] NCCL INFO NVLS multicast support is not available on dev 1
x3103c0s37b0n0:1233140:1233768 [1] NCCL INFO NCCL_CROSS_NIC set by environment to 1.
x3103c0s37b0n0:1233140:1233768 [1] NCCL INFO comm 0x2408900 rank 1 nRanks 8 nNodes 2 localRanks 4 localRank 1 MNNVL 0
x3103c0s37b0n0:1233140:1233768 [1] NCCL INFO Trees [0] 2/-1/-1->1->0 [1] -1/-1/-1->1->0 [2] 2/-1/-1->1->0 [3] -1/-1/-1->1->0
x3103c0s37b0n0:1233140:1233768 [1] NCCL INFO P2P Chunksize set to 131072
x3103c0s37b0n0:1233141:1233766 [2] NCCL INFO comm 0x1e4f920 rank 2 nRanks 8 nNodes 2 localRanks 4 localRank 2 MNNVL 0
x3103c0s37b0n0:1233141:1233766 [2] NCCL INFO Trees [0] 3/-1/-1->2->1 [1] 3/6/-1->2->-1 [2] 3/-1/-1->2->1 [3] 3/-1/-1->2->6
x3103c0s37b0n0:1233141:1233766 [2] NCCL INFO P2P Chunksize set to 131072
x3103c0s37b0n0:1233142:1233767 [3] NCCL INFO comm 0x2db98b0 rank 3 nRanks 8 nNodes 2 localRanks 4 localRank 3 MNNVL 0
x3103c0s37b0n0:1233142:1233767 [3] NCCL INFO Trees [0] -1/-1/-1->3->2 [1] 0/-1/-1->3->2 [2] -1/-1/-1->3->2 [3] 0/-1/-1->3->2
x3103c0s37b0n0:1233142:1233767 [3] NCCL INFO P2P Chunksize set to 131072
x3103c0s41b0n0:1997428:1998046 [0] NCCL INFO comm 0x311c1f0 rank 4 nRanks 8 nNodes 2 localRanks 4 localRank 0 MNNVL 0
x3103c0s41b0n0:1997428:1998046 [0] NCCL INFO Trees [0] 5/-1/-1->4->0 [1] 5/-1/-1->4->7 [2] 5/0/-1->4->-1 [3] 5/-1/-1->4->7
x3103c0s41b0n0:1997428:1998046 [0] NCCL INFO P2P Chunksize set to 131072
x3103c0s37b0n0:1233139:1233765 [0] NCCL INFO comm 0x1e96380 rank 0 nRanks 8 nNodes 2 localRanks 4 localRank 0 MNNVL 0
x3103c0s37b0n0:1233139:1233765 [0] NCCL INFO Channel 00/04 :    0   3   1   2   6   5   7   4
x3103c0s37b0n0:1233139:1233765 [0] NCCL INFO Channel 01/04 :    0   4   7   5   6   2   1   3
x3103c0s37b0n0:1233139:1233765 [0] NCCL INFO Channel 02/04 :    0   3   1   2   6   5   7   4
x3103c0s37b0n0:1233139:1233765 [0] NCCL INFO Channel 03/04 :    0   4   7   5   6   2   1   3
x3103c0s37b0n0:1233139:1233765 [0] NCCL INFO Trees [0] 1/4/-1->0->-1 [1] 1/-1/-1->0->3 [2] 1/-1/-1->0->4 [3] 1/-1/-1->0->3
x3103c0s37b0n0:1233139:1233765 [0] NCCL INFO P2P Chunksize set to 131072
x3103c0s41b0n0:1997429:1998047 [1] NCCL INFO comm 0x27c9b90 rank 5 nRanks 8 nNodes 2 localRanks 4 localRank 1 MNNVL 0
x3103c0s41b0n0:1997429:1998047 [1] NCCL INFO Trees [0] 6/-1/-1->5->4 [1] -1/-1/-1->5->4 [2] 6/-1/-1->5->4 [3] -1/-1/-1->5->4
x3103c0s41b0n0:1997429:1998047 [1] NCCL INFO P2P Chunksize set to 131072
x3103c0s41b0n0:1997430:1998048 [2] NCCL INFO comm 0x18f39f0 rank 6 nRanks 8 nNodes 2 localRanks 4 localRank 2 MNNVL 0
x3103c0s41b0n0:1997430:1998048 [2] NCCL INFO Trees [0] 7/-1/-1->6->5 [1] 7/-1/-1->6->2 [2] 7/-1/-1->6->5 [3] 7/2/-1->6->-1
x3103c0s41b0n0:1997430:1998048 [2] NCCL INFO P2P Chunksize set to 131072
x3103c0s41b0n0:1997431:1998045 [3] NCCL INFO comm 0x1df4a30 rank 7 nRanks 8 nNodes 2 localRanks 4 localRank 3 MNNVL 0
x3103c0s41b0n0:1997431:1998045 [3] NCCL INFO Trees [0] -1/-1/-1->7->6 [1] 4/-1/-1->7->6 [2] -1/-1/-1->7->6 [3] 4/-1/-1->7->6
x3103c0s41b0n0:1997431:1998045 [3] NCCL INFO P2P Chunksize set to 131072
x3103c0s37b0n0:1233139:1233765 [0] NCCL INFO Channel 00/0 : 0[0] -> 3[3] via P2P/CUMEM
x3103c0s37b0n0:1233140:1233768 [1] NCCL INFO Channel 00/0 : 1[1] -> 2[2] via P2P/CUMEM
x3103c0s41b0n0:1997428:1998046 [0] NCCL INFO Channel 01/0 : 4[0] -> 7[3] via P2P/CUMEM
x3103c0s41b0n0:1997429:1998047 [1] NCCL INFO Channel 01/0 : 5[1] -> 6[2] via P2P/CUMEM
x3103c0s37b0n0:1233139:1233765 [0] NCCL INFO Channel 02/0 : 0[0] -> 3[3] via P2P/CUMEM
x3103c0s37b0n0:1233140:1233768 [1] NCCL INFO Channel 02/0 : 1[1] -> 2[2] via P2P/CUMEM
x3103c0s41b0n0:1997429:1998047 [1] NCCL INFO Channel 03/0 : 5[1] -> 6[2] via P2P/CUMEM
x3103c0s41b0n0:1997428:1998046 [0] NCCL INFO Channel 03/0 : 4[0] -> 7[3] via P2P/CUMEM
x3103c0s41b0n0:1997429:1998047 [1] NCCL INFO Channel 00/0 : 5[1] -> 7[3] via P2P/CUMEM
x3103c0s37b0n0:1233140:1233768 [1] NCCL INFO Channel 01/0 : 1[1] -> 3[3] via P2P/CUMEM
x3103c0s41b0n0:1997429:1998047 [1] NCCL INFO Channel 02/0 : 5[1] -> 7[3] via P2P/CUMEM
x3103c0s37b0n0:1233140:1233768 [1] NCCL INFO Channel 03/0 : 1[1] -> 3[3] via P2P/CUMEM
x3103c0s41b0n0:1997431:1998045 [3] NCCL INFO Channel 00/0 : 7[3] -> 4[0] via P2P/CUMEM
x3103c0s37b0n0:1233142:1233767 [3] NCCL INFO Channel 01/0 : 3[3] -> 0[0] via P2P/CUMEM
x3103c0s41b0n0:1997431:1998045 [3] NCCL INFO Channel 02/0 : 7[3] -> 4[0] via P2P/CUMEM
x3103c0s37b0n0:1233142:1233767 [3] NCCL INFO Channel 03/0 : 3[3] -> 0[0] via P2P/CUMEM
x3103c0s41b0n0:1997430:1998048 [2] NCCL INFO Channel 00/0 : 2[2] -> 6[2] [receive] via NET/AWS Libfabric/3/GDRDMA
x3103c0s37b0n0:1233141:1233766 [2] NCCL INFO Channel 01/0 : 6[2] -> 2[2] [receive] via NET/AWS Libfabric/3/GDRDMA
x3103c0s41b0n0:1997430:1998048 [2] NCCL INFO Channel 02/0 : 2[2] -> 6[2] [receive] via NET/AWS Libfabric/3/GDRDMA
x3103c0s41b0n0:1997430:1998048 [2] NCCL INFO Channel 01/0 : 6[2] -> 2[2] [send] via NET/AWS Libfabric/3/GDRDMA
x3103c0s41b0n0:1997430:1998048 [2] NCCL INFO Channel 03/0 : 6[2] -> 2[2] [send] via NET/AWS Libfabric/3/GDRDMA
x3103c0s37b0n0:1233141:1233766 [2] NCCL INFO Channel 03/0 : 6[2] -> 2[2] [receive] via NET/AWS Libfabric/3/GDRDMA
x3103c0s37b0n0:1233141:1233766 [2] NCCL INFO Channel 00/0 : 2[2] -> 6[2] [send] via NET/AWS Libfabric/3/GDRDMA
x3103c0s41b0n0:1997428:1998046 [0] NCCL INFO Channel 01/0 : 0[0] -> 4[0] [receive] via NET/AWS Libfabric/1/GDRDMA
x3103c0s37b0n0:1233141:1233766 [2] NCCL INFO Channel 02/0 : 2[2] -> 6[2] [send] via NET/AWS Libfabric/3/GDRDMA
x3103c0s41b0n0:1997428:1998046 [0] NCCL INFO Channel 03/0 : 0[0] -> 4[0] [receive] via NET/AWS Libfabric/1/GDRDMA
x3103c0s41b0n0:1997428:1998046 [0] NCCL INFO Channel 00/0 : 4[0] -> 0[0] [send] via NET/AWS Libfabric/1/GDRDMA
x3103c0s37b0n0:1233141:1233766 [2] NCCL INFO Channel 01/0 : 2[2] -> 1[1] via P2P/CUMEM
x3103c0s41b0n0:1997428:1998046 [0] NCCL INFO Channel 02/0 : 4[0] -> 0[0] [send] via NET/AWS Libfabric/1/GDRDMA
x3103c0s41b0n0:1997430:1998048 [2] NCCL INFO Channel 00/0 : 6[2] -> 5[1] via P2P/CUMEM
x3103c0s37b0n0:1233141:1233766 [2] NCCL INFO Channel 03/0 : 2[2] -> 1[1] via P2P/CUMEM
x3103c0s41b0n0:1997430:1998048 [2] NCCL INFO Channel 02/0 : 6[2] -> 5[1] via P2P/CUMEM
x3103c0s37b0n0:1233139:1233765 [0] NCCL INFO Channel 00/0 : 4[0] -> 0[0] [receive] via NET/AWS Libfabric/1/GDRDMA
x3103c0s37b0n0:1233139:1233765 [0] NCCL INFO Channel 02/0 : 4[0] -> 0[0] [receive] via NET/AWS Libfabric/1/GDRDMA
x3103c0s37b0n0:1233139:1233765 [0] NCCL INFO Channel 01/0 : 0[0] -> 4[0] [send] via NET/AWS Libfabric/1/GDRDMA
x3103c0s37b0n0:1233139:1233765 [0] NCCL INFO Channel 03/0 : 0[0] -> 4[0] [send] via NET/AWS Libfabric/1/GDRDMA
x3103c0s41b0n0:1997431:1998045 [3] NCCL INFO Channel 01/0 : 7[3] -> 5[1] via P2P/CUMEM
x3103c0s37b0n0:1233142:1233767 [3] NCCL INFO Channel 00/0 : 3[3] -> 1[1] via P2P/CUMEM
x3103c0s41b0n0:1997431:1998045 [3] NCCL INFO Channel 03/0 : 7[3] -> 5[1] via P2P/CUMEM
x3103c0s37b0n0:1233142:1233767 [3] NCCL INFO Channel 02/0 : 3[3] -> 1[1] via P2P/CUMEM
x3103c0s37b0n0:1233139:1233765 [0] NCCL INFO Connected all rings
x3103c0s37b0n0:1233139:1233765 [0] NCCL INFO Channel 00/0 : 0[0] -> 1[1] via P2P/CUMEM
x3103c0s37b0n0:1233142:1233767 [3] NCCL INFO Connected all rings
x3103c0s41b0n0:1997428:1998046 [0] NCCL INFO Connected all rings
x3103c0s41b0n0:1997428:1998046 [0] NCCL INFO Channel 00/0 : 4[0] -> 5[1] via P2P/CUMEM
x3103c0s41b0n0:1997431:1998045 [3] NCCL INFO Connected all rings
x3103c0s37b0n0:1233140:1233768 [1] NCCL INFO Connected all rings
x3103c0s37b0n0:1233141:1233766 [2] NCCL INFO Connected all rings
x3103c0s37b0n0:1233141:1233766 [2] NCCL INFO Channel 00/0 : 2[2] -> 3[3] via P2P/CUMEM
x3103c0s41b0n0:1997429:1998047 [1] NCCL INFO Connected all rings
x3103c0s41b0n0:1997430:1998048 [2] NCCL INFO Connected all rings
x3103c0s41b0n0:1997428:1998046 [0] NCCL INFO Channel 01/0 : 4[0] -> 5[1] via P2P/CUMEM
x3103c0s41b0n0:1997429:1998047 [1] NCCL INFO Channel 00/0 : 5[1] -> 6[2] via P2P/CUMEM
x3103c0s41b0n0:1997428:1998046 [0] NCCL INFO Channel 02/0 : 4[0] -> 5[1] via P2P/CUMEM
x3103c0s41b0n0:1997429:1998047 [1] NCCL INFO Channel 02/0 : 5[1] -> 6[2] via P2P/CUMEM
x3103c0s41b0n0:1997430:1998048 [2] NCCL INFO Channel 00/0 : 6[2] -> 7[3] via P2P/CUMEM
x3103c0s41b0n0:1997428:1998046 [0] NCCL INFO Channel 03/0 : 4[0] -> 5[1] via P2P/CUMEM
x3103c0s41b0n0:1997430:1998048 [2] NCCL INFO Channel 01/0 : 6[2] -> 7[3] via P2P/CUMEM
x3103c0s41b0n0:1997430:1998048 [2] NCCL INFO Channel 02/0 : 6[2] -> 7[3] via P2P/CUMEM
x3103c0s41b0n0:1997428:1998046 [0] NCCL INFO Channel 00/0 : 0[0] -> 4[0] [receive] via NET/AWS Libfabric/1/GDRDMA
x3103c0s41b0n0:1997430:1998048 [2] NCCL INFO Channel 03/0 : 6[2] -> 7[3] via P2P/CUMEM
x3103c0s41b0n0:1997428:1998046 [0] NCCL INFO Channel 02/0 : 0[0] -> 4[0] [receive] via NET/AWS Libfabric/1/GDRDMA
x3103c0s41b0n0:1997429:1998047 [1] NCCL INFO Channel 00/0 : 5[1] -> 4[0] via P2P/CUMEM
x3103c0s37b0n0:1233139:1233765 [0] NCCL INFO Channel 01/0 : 0[0] -> 1[1] via P2P/CUMEM
x3103c0s41b0n0:1997431:1998045 [3] NCCL INFO Channel 01/0 : 7[3] -> 4[0] via P2P/CUMEM
x3103c0s41b0n0:1997430:1998048 [2] NCCL INFO Channel 01/0 : 2[2] -> 6[2] [receive] via NET/AWS Libfabric/3/GDRDMA
x3103c0s41b0n0:1997431:1998045 [3] NCCL INFO Channel 03/0 : 7[3] -> 4[0] via P2P/CUMEM
x3103c0s41b0n0:1997430:1998048 [2] NCCL INFO Channel 03/0 : 2[2] -> 6[2] [receive] via NET/AWS Libfabric/3/GDRDMA
x3103c0s41b0n0:1997429:1998047 [1] NCCL INFO Channel 01/0 : 5[1] -> 4[0] via P2P/CUMEM
x3103c0s41b0n0:1997429:1998047 [1] NCCL INFO Channel 02/0 : 5[1] -> 4[0] via P2P/CUMEM
x3103c0s41b0n0:1997429:1998047 [1] NCCL INFO Channel 03/0 : 5[1] -> 4[0] via P2P/CUMEM
x3103c0s37b0n0:1233139:1233765 [0] NCCL INFO Channel 02/0 : 0[0] -> 1[1] via P2P/CUMEM
x3103c0s37b0n0:1233141:1233766 [2] NCCL INFO Channel 01/0 : 2[2] -> 3[3] via P2P/CUMEM
x3103c0s37b0n0:1233139:1233765 [0] NCCL INFO Channel 03/0 : 0[0] -> 1[1] via P2P/CUMEM
x3103c0s37b0n0:1233141:1233766 [2] NCCL INFO Channel 02/0 : 2[2] -> 3[3] via P2P/CUMEM
x3103c0s37b0n0:1233141:1233766 [2] NCCL INFO Channel 03/0 : 2[2] -> 3[3] via P2P/CUMEM
x3103c0s37b0n0:1233139:1233765 [0] NCCL INFO Channel 01/0 : 0[0] -> 3[3] via P2P/CUMEM
x3103c0s37b0n0:1233139:1233765 [0] NCCL INFO Channel 03/0 : 0[0] -> 3[3] via P2P/CUMEM
x3103c0s37b0n0:1233141:1233766 [2] NCCL INFO Channel 01/0 : 2[2] -> 6[2] [send] via NET/AWS Libfabric/3/GDRDMA
x3103c0s37b0n0:1233141:1233766 [2] NCCL INFO Channel 03/0 : 2[2] -> 6[2] [send] via NET/AWS Libfabric/3/GDRDMA
x3103c0s37b0n0:1233140:1233768 [1] NCCL INFO Channel 00/0 : 1[1] -> 0[0] via P2P/CUMEM
x3103c0s37b0n0:1233142:1233767 [3] NCCL INFO Channel 00/0 : 3[3] -> 2[2] via P2P/CUMEM
x3103c0s37b0n0:1233140:1233768 [1] NCCL INFO Channel 01/0 : 1[1] -> 0[0] via P2P/CUMEM
x3103c0s37b0n0:1233139:1233765 [0] NCCL INFO Channel 00/0 : 0[0] -> 4[0] [send] via NET/AWS Libfabric/1/GDRDMA
x3103c0s37b0n0:1233139:1233765 [0] NCCL INFO Channel 02/0 : 0[0] -> 4[0] [send] via NET/AWS Libfabric/1/GDRDMA
x3103c0s37b0n0:1233142:1233767 [3] NCCL INFO Channel 01/0 : 3[3] -> 2[2] via P2P/CUMEM
x3103c0s37b0n0:1233140:1233768 [1] NCCL INFO Channel 02/0 : 1[1] -> 0[0] via P2P/CUMEM
x3103c0s37b0n0:1233142:1233767 [3] NCCL INFO Channel 02/0 : 3[3] -> 2[2] via P2P/CUMEM
x3103c0s37b0n0:1233140:1233768 [1] NCCL INFO Channel 03/0 : 1[1] -> 0[0] via P2P/CUMEM
x3103c0s37b0n0:1233142:1233767 [3] NCCL INFO Channel 03/0 : 3[3] -> 2[2] via P2P/CUMEM
x3103c0s37b0n0:1233141:1233766 [2] NCCL INFO Channel 00/0 : 2[2] -> 1[1] via P2P/CUMEM
x3103c0s41b0n0:1997431:1998045 [3] NCCL INFO Channel 00/0 : 7[3] -> 6[2] via P2P/CUMEM
x3103c0s37b0n0:1233141:1233766 [2] NCCL INFO Channel 02/0 : 2[2] -> 1[1] via P2P/CUMEM
x3103c0s41b0n0:1997431:1998045 [3] NCCL INFO Channel 01/0 : 7[3] -> 6[2] via P2P/CUMEM
x3103c0s41b0n0:1997431:1998045 [3] NCCL INFO Channel 02/0 : 7[3] -> 6[2] via P2P/CUMEM
x3103c0s41b0n0:1997431:1998045 [3] NCCL INFO Channel 03/0 : 7[3] -> 6[2] via P2P/CUMEM
x3103c0s37b0n0:1233141:1233766 [2] NCCL INFO Connected all trees
x3103c0s37b0n0:1233142:1233767 [3] NCCL INFO Connected all trees
x3103c0s37b0n0:1233142:1233767 [3] NCCL INFO threadThresholds 8/8/64 | 64/8/64 | 512 | 512
x3103c0s37b0n0:1233142:1233767 [3] NCCL INFO 4 coll channels, 4 collnet channels, 0 nvls channels, 4 p2p channels, 2 p2p channels per peer
x3103c0s37b0n0:1233141:1233766 [2] NCCL INFO threadThresholds 8/8/64 | 64/8/64 | 512 | 512
x3103c0s37b0n0:1233141:1233766 [2] NCCL INFO 4 coll channels, 4 collnet channels, 0 nvls channels, 4 p2p channels, 2 p2p channels per peer
x3103c0s37b0n0:1233139:1233765 [0] NCCL INFO Connected all trees
x3103c0s37b0n0:1233140:1233768 [1] NCCL INFO Connected all trees
x3103c0s37b0n0:1233139:1233765 [0] NCCL INFO threadThresholds 8/8/64 | 64/8/64 | 512 | 512
x3103c0s37b0n0:1233139:1233765 [0] NCCL INFO 4 coll channels, 4 collnet channels, 0 nvls channels, 4 p2p channels, 2 p2p channels per peer
x3103c0s37b0n0:1233140:1233768 [1] NCCL INFO threadThresholds 8/8/64 | 64/8/64 | 512 | 512
x3103c0s37b0n0:1233140:1233768 [1] NCCL INFO 4 coll channels, 4 collnet channels, 0 nvls channels, 4 p2p channels, 2 p2p channels per peer
x3103c0s41b0n0:1997428:1998046 [0] NCCL INFO Connected all trees
x3103c0s41b0n0:1997429:1998047 [1] NCCL INFO Connected all trees
x3103c0s41b0n0:1997429:1998047 [1] NCCL INFO threadThresholds 8/8/64 | 64/8/64 | 512 | 512
x3103c0s41b0n0:1997429:1998047 [1] NCCL INFO 4 coll channels, 4 collnet channels, 0 nvls channels, 4 p2p channels, 2 p2p channels per peer
x3103c0s41b0n0:1997430:1998048 [2] NCCL INFO Connected all trees
x3103c0s41b0n0:1997431:1998045 [3] NCCL INFO Connected all trees
x3103c0s41b0n0:1997431:1998045 [3] NCCL INFO threadThresholds 8/8/64 | 64/8/64 | 512 | 512
x3103c0s41b0n0:1997431:1998045 [3] NCCL INFO 4 coll channels, 4 collnet channels, 0 nvls channels, 4 p2p channels, 2 p2p channels per peer
x3103c0s41b0n0:1997428:1998046 [0] NCCL INFO threadThresholds 8/8/64 | 64/8/64 | 512 | 512
x3103c0s41b0n0:1997428:1998046 [0] NCCL INFO 4 coll channels, 4 collnet channels, 0 nvls channels, 4 p2p channels, 2 p2p channels per peer
x3103c0s41b0n0:1997430:1998048 [2] NCCL INFO threadThresholds 8/8/64 | 64/8/64 | 512 | 512
x3103c0s41b0n0:1997430:1998048 [2] NCCL INFO 4 coll channels, 4 collnet channels, 0 nvls channels, 4 p2p channels, 2 p2p channels per peer
x3103c0s37b0n0:1233139:1233765 [0] NCCL INFO TUNER/Plugin: Failed to find ncclTunerPlugin_v2, using internal tuner instead.
x3103c0s37b0n0:1233139:1233765 [0] NCCL INFO ncclCommInitRank comm 0x1e96380 rank 0 nranks 8 cudaDev 0 nvmlDev 0 busId 4000 commId 0x9fc0fab24ce77321 - Init COMPLETE
x3103c0s37b0n0:1233141:1233766 [2] NCCL INFO TUNER/Plugin: Failed to find ncclTunerPlugin_v2, using internal tuner instead.
x3103c0s37b0n0:1233140:1233768 [1] NCCL INFO TUNER/Plugin: Failed to find ncclTunerPlugin_v2, using internal tuner instead.
x3103c0s37b0n0:1233141:1233766 [2] NCCL INFO ncclCommInitRank comm 0x1e4f920 rank 2 nranks 8 cudaDev 2 nvmlDev 2 busId 84000 commId 0x9fc0fab24ce77321 - Init COMPLETE
x3103c0s37b0n0:1233142:1233767 [3] NCCL INFO TUNER/Plugin: Failed to find ncclTunerPlugin_v2, using internal tuner instead.
x3103c0s37b0n0:1233142:1233767 [3] NCCL INFO ncclCommInitRank comm 0x2db98b0 rank 3 nranks 8 cudaDev 3 nvmlDev 3 busId e4000 commId 0x9fc0fab24ce77321 - Init COMPLETE
x3103c0s37b0n0:1233140:1233768 [1] NCCL INFO ncclCommInitRank comm 0x2408900 rank 1 nranks 8 cudaDev 1 nvmlDev 1 busId 64000 commId 0x9fc0fab24ce77321 - Init COMPLETE
#
#                                                              out-of-place                       in-place          
#       size         count      type   redop    root     time   algbw   busbw #wrong     time   algbw   busbw #wrong
#        (B)    (elements)                               (us)  (GB/s)  (GB/s)            (us)  (GB/s)  (GB/s)       
x3103c0s41b0n0:1997428:1998046 [0] NCCL INFO TUNER/Plugin: Failed to find ncclTunerPlugin_v2, using internal tuner instead.
x3103c0s41b0n0:1997428:1998046 [0] NCCL INFO ncclCommInitRank comm 0x311c1f0 rank 4 nranks 8 cudaDev 0 nvmlDev 0 busId 4000 commId 0x9fc0fab24ce77321 - Init COMPLETE
x3103c0s41b0n0:1997429:1998047 [1] NCCL INFO TUNER/Plugin: Failed to find ncclTunerPlugin_v2, using internal tuner instead.
x3103c0s41b0n0:1997429:1998047 [1] NCCL INFO ncclCommInitRank comm 0x27c9b90 rank 5 nranks 8 cudaDev 1 nvmlDev 1 busId 64000 commId 0x9fc0fab24ce77321 - Init COMPLETE
x3103c0s41b0n0:1997430:1998048 [2] NCCL INFO TUNER/Plugin: Failed to find ncclTunerPlugin_v2, using internal tuner instead.
x3103c0s41b0n0:1997430:1998048 [2] NCCL INFO ncclCommInitRank comm 0x18f39f0 rank 6 nranks 8 cudaDev 2 nvmlDev 2 busId 84000 commId 0x9fc0fab24ce77321 - Init COMPLETE
x3103c0s41b0n0:1997431:1998045 [3] NCCL INFO TUNER/Plugin: Failed to find ncclTunerPlugin_v2, using internal tuner instead.
x3103c0s41b0n0:1997431:1998045 [3] NCCL INFO ncclCommInitRank comm 0x1df4a30 rank 7 nranks 8 cudaDev 3 nvmlDev 3 busId e4000 commId 0x9fc0fab24ce77321 - Init COMPLETE
           0             0     float    none      -1     0.20    0.00    0.00      0     0.17    0.00    0.00      0
           0             0     float    none      -1     0.17    0.00    0.00      0     0.17    0.00    0.00      0
           0             0     float    none      -1     0.17    0.00    0.00      0     0.17    0.00    0.00      0
           0             0     float    none      -1     0.17    0.00    0.00      0     0.16    0.00    0.00      0
         128             4     float    none      -1    17.71    0.01    0.01      0    17.03    0.01    0.01      0
         256             8     float    none      -1    63.71    0.00    0.00      0    16.60    0.02    0.01      0
         512            16     float    none      -1    17.13    0.03    0.03      0    56.03    0.01    0.01      0
        1024            32     float    none      -1    18.73    0.05    0.05      0    18.31    0.06    0.05      0
        2048            64     float    none      -1    18.76    0.11    0.10      0    55.72    0.04    0.03      0
        4096           128     float    none      -1    19.08    0.21    0.19      0    18.86    0.22    0.19      0
        8192           256     float    none      -1    19.71    0.42    0.36      0    19.41    0.42    0.37      0
       16384           512     float    none      -1    20.79    0.79    0.69      0    19.87    0.82    0.72      0
       32768          1024     float    none      -1    22.07    1.48    1.30      0    21.35    1.53    1.34      0
       65536          2048     float    none      -1    27.86    2.35    2.06      0    26.47    2.48    2.17      0
      131072          4096     float    none      -1    39.31    3.33    2.92      0    45.31    2.89    2.53      0
      262144          8192     float    none      -1    49.55    5.29    4.63      0    48.16    5.44    4.76      0
      524288         16384     float    none      -1    50.39   10.41    9.10      0    57.66    9.09    7.96      0
     1048576         32768     float    none      -1    58.03   18.07   15.81      0    56.86   18.44   16.14      0
     2097152         65536     float    none      -1    72.25   29.03   25.40      0    70.61   29.70   25.99      0
     4194304        131072     float    none      -1    124.1   33.80   29.58      0    113.9   36.81   32.21      0
     8388608        262144     float    none      -1    207.8   40.36   35.31      0    203.6   41.19   36.04      0
    16777216        524288     float    none      -1    390.4   42.98   37.60      0    380.4   44.10   38.59      0
    33554432       1048576     float    none      -1    703.4   47.70   41.74      0    696.0   48.21   42.19      0
    67108864       2097152     float    none      -1   1373.4   48.86   42.76      0   1358.9   49.39   43.21      0
   134217728       4194304     float    none      -1   2658.1   50.49   44.18      0   2642.6   50.79   44.44      0
   268435456       8388608     float    none      -1   5227.3   51.35   44.93      0   5247.0   51.16   44.76      0
   536870912      16777216     float    none      -1    10364   51.80   45.33      0    10418   51.53   45.09      0
  1073741824      33554432     float    none      -1    20646   52.01   45.51      0    20666   51.96   45.46      0
  2147483648      67108864     float    none      -1    41206   52.12   45.60      0    41187   52.14   45.62      0
  4294967296     134217728     float    none      -1    82309   52.18   45.66      0    82285   52.20   45.67      0
x3103c0s37b0n0:1233142:1233142 [3] NCCL INFO comm 0x2db98b0 rank 3 nranks 8 cudaDev 3 busId e4000 - Destroy COMPLETE
x3103c0s41b0n0:1997428:1997428 [0] NCCL INFO comm 0x311c1f0 rank 4 nranks 8 cudaDev 0 busId 4000 - Destroy COMPLETE
x3103c0s37b0n0:1233141:1233141 [2] NCCL INFO comm 0x1e4f920 rank 2 nranks 8 cudaDev 2 busId 84000 - Destroy COMPLETE
x3103c0s37b0n0:1233139:1233139 [0] NCCL INFO comm 0x1e96380 rank 0 nranks 8 cudaDev 0 busId 4000 - Destroy COMPLETE
# Out of bounds values : 0 OK
# Avg bus bandwidth    : 17.4401 
#
x3103c0s37b0n0:1233140:1233140 [1] NCCL INFO comm 0x2408900 rank 1 nranks 8 cudaDev 1 busId 64000 - Destroy COMPLETE
x3103c0s41b0n0:1997429:1997429 [1] NCCL INFO comm 0x27c9b90 rank 5 nranks 8 cudaDev 1 busId 64000 - Destroy COMPLETE
x3103c0s41b0n0:1997431:1997431 [3] NCCL INFO comm 0x1df4a30 rank 7 nranks 8 cudaDev 3 busId e4000 - Destroy COMPLETE
x3103c0s41b0n0:1997430:1997430 [2] NCCL INFO comm 0x18f39f0 rank 6 nranks 8 cudaDev 2 busId 84000 - Destroy COMPLETE

MPICH Slingshot Network Summary: 0 network timeouts

MPICH Slingshot CXI Counter Summary:
Counter                                Samples          Min         (/s)         Mean         (/s)          Max         (/s)
atu_cache_evictions                          4          543         33.9         1648        103.0         3266        204.1
atu_cache_hit_base_page_size_0               4    427647121   26727945.1    427671542   26729471.3    427703611   26731475.7
lpe_net_match_priority_0                     4       284259      17766.2       298472      18654.5       317470      19841.9
lpe_net_match_overflow_0                     4        24910       1556.9        45056       2816.0        60160       3760.0
lpe_net_match_request_0                      4           27          1.7          222         13.9          447         27.9
lpe_rndzv_puts_0                             4       169736      10608.5       170044      10627.8       170352      10647.0
lpe_rndzv_puts_offloaded_0                   4       169736      10608.5       170044      10627.8       170352      10647.0
hni_rx_paused_0                              4         2785        174.1         2967        185.5         3109        194.3
hni_rx_paused_1                              2            4          0.2           30          1.8           55          3.4
parbs_tarb_pi_posted_pkts                    4    683994164   42749635.2    684079446   42754965.4    684156120   42759757.5
parbs_tarb_pi_posted_blocked_cnt             4    577817526   36113595.4    578768954   36173059.7    579806924   36237932.8
parbs_tarb_pi_non_posted_pkts                4    341734114   21358382.1    341766196   21360387.2    341798986   21362436.6
parbs_tarb_pi_non_posted_blocked_cnt         4      2612452     163278.2      2626398     164149.9      2635097     164693.6

